Archive member included to satisfy reference by file (symbol)

c:/programdata/matlab/supportpackages/r2024a/3p.instrset/gnuarm-armcortex.instrset/win/bin/../lib/gcc/arm-none-eabi/11.3.1/thumb/v7e-m+fp/hard\libm.a(libm_a-w_fmod.o)
                              xcp_ext_common.o (fmod)
c:/programdata/matlab/supportpackages/r2024a/3p.instrset/gnuarm-armcortex.instrset/win/bin/../lib/gcc/arm-none-eabi/11.3.1/thumb/v7e-m+fp/hard\libm.a(libm_a-e_fmod.o)
                              c:/programdata/matlab/supportpackages/r2024a/3p.instrset/gnuarm-armcortex.instrset/win/bin/../lib/gcc/arm-none-eabi/11.3.1/thumb/v7e-m+fp/hard\libm.a(libm_a-w_fmod.o) (__ieee754_fmod)
c:/programdata/matlab/supportpackages/r2024a/3p.instrset/gnuarm-armcortex.instrset/win/bin/../lib/gcc/arm-none-eabi/11.3.1/thumb/v7e-m+fp/hard\libgcc.a(_arm_muldf3.o)
                              untitled.o (__aeabi_dmul)
c:/programdata/matlab/supportpackages/r2024a/3p.instrset/gnuarm-armcortex.instrset/win/bin/../lib/gcc/arm-none-eabi/11.3.1/thumb/v7e-m+fp/hard\libgcc.a(_arm_addsubdf3.o)
                              xcp_ext_common.o (__aeabi_dsub)
c:/programdata/matlab/supportpackages/r2024a/3p.instrset/gnuarm-armcortex.instrset/win/bin/../lib/gcc/arm-none-eabi/11.3.1/thumb/v7e-m+fp/hard\libgcc.a(_arm_muldivdf3.o)
                              xcp_ext_common.o (__aeabi_ddiv)
c:/programdata/matlab/supportpackages/r2024a/3p.instrset/gnuarm-armcortex.instrset/win/bin/../lib/gcc/arm-none-eabi/11.3.1/thumb/v7e-m+fp/hard\libgcc.a(_arm_cmpdf2.o)
                              xcp_ext_mode.o (__aeabi_dcmpeq)
c:/programdata/matlab/supportpackages/r2024a/3p.instrset/gnuarm-armcortex.instrset/win/bin/../lib/gcc/arm-none-eabi/11.3.1/thumb/v7e-m+fp/hard\libgcc.a(_arm_unorddf2.o)
                              c:/programdata/matlab/supportpackages/r2024a/3p.instrset/gnuarm-armcortex.instrset/win/bin/../lib/gcc/arm-none-eabi/11.3.1/thumb/v7e-m+fp/hard\libm.a(libm_a-w_fmod.o) (__aeabi_dcmpun)
c:/programdata/matlab/supportpackages/r2024a/3p.instrset/gnuarm-armcortex.instrset/win/bin/../lib/gcc/arm-none-eabi/11.3.1/thumb/v7e-m+fp/hard\libgcc.a(_arm_fixunsdfsi.o)
                              xcp_ext_common.o (__aeabi_d2uiz)
c:/programdata/matlab/supportpackages/r2024a/3p.instrset/gnuarm-armcortex.instrset/win/bin/../lib/gcc/arm-none-eabi/11.3.1/thumb/v7e-m+fp/hard\libgcc.a(_aeabi_uldivmod.o)
                              stm32g4xx_ll_lpuart.o (__aeabi_uldivmod)
c:/programdata/matlab/supportpackages/r2024a/3p.instrset/gnuarm-armcortex.instrset/win/bin/../lib/gcc/arm-none-eabi/11.3.1/thumb/v7e-m+fp/hard\libgcc.a(_udivmoddi4.o)
                              c:/programdata/matlab/supportpackages/r2024a/3p.instrset/gnuarm-armcortex.instrset/win/bin/../lib/gcc/arm-none-eabi/11.3.1/thumb/v7e-m+fp/hard\libgcc.a(_aeabi_uldivmod.o) (__udivmoddi4)
c:/programdata/matlab/supportpackages/r2024a/3p.instrset/gnuarm-armcortex.instrset/win/bin/../lib/gcc/arm-none-eabi/11.3.1/thumb/v7e-m+fp/hard\libgcc.a(_dvmd_tls.o)
                              c:/programdata/matlab/supportpackages/r2024a/3p.instrset/gnuarm-armcortex.instrset/win/bin/../lib/gcc/arm-none-eabi/11.3.1/thumb/v7e-m+fp/hard\libgcc.a(_aeabi_uldivmod.o) (__aeabi_ldiv0)
c:/programdata/matlab/supportpackages/r2024a/3p.instrset/gnuarm-armcortex.instrset/win/bin/../lib/gcc/arm-none-eabi/11.3.1/thumb/v7e-m+fp/hard\libg_nano.a(libc_a-exit.o)
                              c:/programdata/matlab/supportpackages/r2024a/3p.instrset/gnuarm-armcortex.instrset/win/bin/../lib/gcc/arm-none-eabi/11.3.1/thumb/v7e-m+fp/hard/crt0.o (exit)
c:/programdata/matlab/supportpackages/r2024a/3p.instrset/gnuarm-armcortex.instrset/win/bin/../lib/gcc/arm-none-eabi/11.3.1/thumb/v7e-m+fp/hard\libg_nano.a(libc_a-findfp.o)
                              c:/programdata/matlab/supportpackages/r2024a/3p.instrset/gnuarm-armcortex.instrset/win/bin/../lib/gcc/arm-none-eabi/11.3.1/thumb/v7e-m+fp/hard\libg_nano.a(libc_a-exit.o) (__stdio_exit_handler)
c:/programdata/matlab/supportpackages/r2024a/3p.instrset/gnuarm-armcortex.instrset/win/bin/../lib/gcc/arm-none-eabi/11.3.1/thumb/v7e-m+fp/hard\libg_nano.a(libc_a-fwalk.o)
                              c:/programdata/matlab/supportpackages/r2024a/3p.instrset/gnuarm-armcortex.instrset/win/bin/../lib/gcc/arm-none-eabi/11.3.1/thumb/v7e-m+fp/hard\libg_nano.a(libc_a-findfp.o) (_fwalk_sglue)
c:/programdata/matlab/supportpackages/r2024a/3p.instrset/gnuarm-armcortex.instrset/win/bin/../lib/gcc/arm-none-eabi/11.3.1/thumb/v7e-m+fp/hard\libg_nano.a(libc_a-stdio.o)
                              c:/programdata/matlab/supportpackages/r2024a/3p.instrset/gnuarm-armcortex.instrset/win/bin/../lib/gcc/arm-none-eabi/11.3.1/thumb/v7e-m+fp/hard\libg_nano.a(libc_a-findfp.o) (__sread)
c:/programdata/matlab/supportpackages/r2024a/3p.instrset/gnuarm-armcortex.instrset/win/bin/../lib/gcc/arm-none-eabi/11.3.1/thumb/v7e-m+fp/hard\libg_nano.a(libc_a-memset.o)
[...]
Memory Configuration

Name             Origin             Length             Attributes
RAM              0x20000000         0x00020000         xrw
FLASH            0x08000000         0x00080000         xr
*default*        0x00000000         0xffffffff

Linker script and memory map

LOAD c:/programdata/matlab/supportpackages/r2024a/3p.instrset/gnuarm-armcortex.instrset/win/bin/../lib/gcc/arm-none-eabi/11.3.1/thumb/v7e-m+fp/hard/crti.o
LOAD c:/programdata/matlab/supportpackages/r2024a/3p.instrset/gnuarm-armcortex.instrset/win/bin/../lib/gcc/arm-none-eabi/11.3.1/thumb/v7e-m+fp/hard/crtbegin.o
LOAD c:/programdata/matlab/supportpackages/r2024a/3p.instrset/gnuarm-armcortex.instrset/win/bin/../lib/gcc/arm-none-eabi/11.3.1/thumb/v7e-m+fp/hard/crt0.o
LOAD stm_adc_ll.o
LOAD xcp_ext_mode.o
LOAD ert_main.o
LOAD untitled.o
LOAD xcp_ext_common.o
LOAD xcp_ext_classic_trigger.o
LOAD xcp.o
LOAD xcp_standard.o
LOAD xcp_daq.o
LOAD xcp_calibration.o
LOAD xcp_fifo.o
LOAD xcp_transport.o
LOAD xcp_mem_default.o
LOAD xcp_drv_rtiostream.o
LOAD xcp_utils.o
LOAD xcp_frame_serial.o
LOAD xcp_ext_param_default_serial.o
LOAD overrideHALDelay.o
LOAD platform_timer.o
LOAD SysTickScheduler.o
LOAD m3m4m4f_multitasking.o
LOAD rtiostream_serial.o
LOAD stm_usart.o
LOAD stm_lpuart.o
LOAD sys_arch.o
LOAD main.o
LOAD stm32g4xx_it.o
LOAD stm32g4xx_hal_msp.o
LOAD stm32g4xx_hal_timebase_tim.o
LOAD stm32g4xx_ll_utils.o
LOAD stm32g4xx_ll_exti.o
LOAD stm32g4xx_ll_gpio.o
LOAD stm32g4xx_ll_adc.o
LOAD stm32g4xx_ll_dma.o
LOAD stm32g4xx_hal.o
LOAD stm32g4xx_hal_rcc.o
LOAD stm32g4xx_hal_rcc_ex.o
LOAD stm32g4xx_hal_flash.o
LOAD stm32g4xx_hal_flash_ex.o
LOAD stm32g4xx_hal_flash_ramfunc.o
LOAD stm32g4xx_hal_gpio.o
LOAD stm32g4xx_hal_exti.o
LOAD stm32g4xx_hal_dma.o
LOAD stm32g4xx_hal_dma_ex.o
LOAD stm32g4xx_hal_pwr.o
LOAD stm32g4xx_hal_pwr_ex.o
LOAD stm32g4xx_hal_cortex.o
LOAD stm32g4xx_ll_lpuart.o
LOAD stm32g4xx_ll_rcc.o
LOAD stm32g4xx_hal_tim.o
LOAD stm32g4xx_hal_tim_ex.o
LOAD system_stm32g4xx.o
LOAD syscalls.o
LOAD sysmem.o
LOAD startup_stm32g474retx.o
LOAD C:/ProgramData/MATLAB/SupportPackages/R2024a/3P.instrset/cmsis_dsp.instrset/Lib/GCC/arm_cortexm4ldfsp_math/libCMSISDSP.a
LOAD C:/ProgramData/MATLAB/SupportPackages/R2024a/toolbox/shared/supportpackages/stm32/lib/GCC/libmw_pdmfilter_m4_spfp.lib
LOAD c:/programdata/matlab/supportpackages/r2024a/3p.instrset/gnuarm-armcortex.instrset/win/bin/../lib/gcc/arm-none-eabi/11.3.1/thumb/v7e-m+fp/hard\libstdc++_nano.a
LOAD c:/programdata/matlab/supportpackages/r2024a/3p.instrset/gnuarm-armcortex.instrset/win/bin/../lib/gcc/arm-none-eabi/11.3.1/thumb/v7e-m+fp/hard\libm.a
START GROUP
LOAD c:/programdata/matlab/supportpackages/r2024a/3p.instrset/gnuarm-armcortex.instrset/win/bin/../lib/gcc/arm-none-eabi/11.3.1/thumb/v7e-m+fp/hard\libgcc.a
LOAD c:/programdata/matlab/supportpackages/r2024a/3p.instrset/gnuarm-armcortex.instrset/win/bin/../lib/gcc/arm-none-eabi/11.3.1/thumb/v7e-m+fp/hard\libg_nano.a
LOAD c:/programdata/matlab/supportpackages/r2024a/3p.instrset/gnuarm-armcortex.instrset/win/bin/../lib/gcc/arm-none-eabi/11.3.1/thumb/v7e-m+fp/hard\libc_nano.a
END GROUP
START GROUP
LOAD c:/programdata/matlab/supportpackages/r2024a/3p.instrset/gnuarm-armcortex.instrset/win/bin/../lib/gcc/arm-none-eabi/11.3.1/thumb/v7e-m+fp/hard\libgcc.a
LOAD c:/programdata/matlab/supportpackages/r2024a/3p.instrset/gnuarm-armcortex.instrset/win/bin/../lib/gcc/arm-none-eabi/11.3.1/thumb/v7e-m+fp/hard\libc_nano.a
LOAD c:/programdata/matlab/supportpackages/r2024a/3p.instrset/gnuarm-armcortex.instrset/win/bin/../lib/gcc/arm-none-eabi/11.3.1/thumb/v7e-m+fp/hard\libnosys.a
END GROUP
START GROUP
LOAD c:/programdata/matlab/supportpackages/r2024a/3p.instrset/gnuarm-armcortex.instrset/win/bin/../lib/gcc/arm-none-eabi/11.3.1/thumb/v7e-m+fp/hard\libgcc.a
LOAD c:/programdata/matlab/supportpackages/r2024a/3p.instrset/gnuarm-armcortex.instrset/win/bin/../lib/gcc/arm-none-eabi/11.3.1/thumb/v7e-m+fp/hard\libc_nano.a
LOAD c:/programdata/matlab/supportpackages/r2024a/3p.instrset/gnuarm-armcortex.instrset/win/bin/../lib/gcc/arm-none-eabi/11.3.1/thumb/v7e-m+fp/hard\libnosys.a
END GROUP
LOAD c:/programdata/matlab/supportpackages/r2024a/3p.instrset/gnuarm-armcortex.instrset/win/bin/../lib/gcc/arm-none-eabi/11.3.1/thumb/v7e-m+fp/hard/crtend.o
LOAD c:/programdata/matlab/supportpackages/r2024a/3p.instrset/gnuarm-armcortex.instrset/win/bin/../lib/gcc/arm-none-eabi/11.3.1/thumb/v7e-m+fp/hard/crtn.o
                0x20020000                _estack = (ORIGIN (RAM) + LENGTH (RAM))
                0x00000200                _Min_Heap_Size = 0x200
                0x00000400                _Min_Stack_Size = 0x400

.isr_vector     0x08000000      0x1d8
                0x08000000                . = ALIGN (0x4)
 *(.isr_vector)
 .isr_vector    0x08000000      0x1d8 startup_stm32g474retx.o
                0x08000000                g_pfnVectors
                0x080001d8                . = ALIGN (0x4)

.text           0x080001d8     0xc390
                0x080001d8                . = ALIGN (0x4)
 *(.text)
 .text          0x080001d8      0x378 c:/programdata/matlab/supportpackages/r2024a/3p.instrset/gnuarm-armcortex.instrset/win/bin/../lib/gcc/arm-none-eabi/11.3.1/thumb/v7e-m+fp/hard\libgcc.a(_arm_addsubdf3.o)
                0x080001d8                __aeabi_drsub
                0x080001e0                __aeabi_dsub
                0x080001e0                __subdf3
                0x080001e4                __aeabi_dadd
                0x080001e4                __adddf3
                0x0800045c                __floatunsidf
                0x0800045c                __aeabi_ui2d
                0x0800047c                __floatsidf
                0x0800047c                __aeabi_i2d
                0x080004a0                __aeabi_f2d
                0x080004a0                __extendsfdf2
                0x080004e4                __floatundidf
                0x080004e4                __aeabi_ul2d
                0x080004f4                __floatdidf
                0x080004f4                __aeabi_l2d
 .text          0x08000550      0x424 c:/programdata/matlab/supportpackages/r2024a/3p.instrset/gnuarm-armcortex.instrset/win/bin/../lib/gcc/arm-none-eabi/11.3.1/thumb/v7e-m+fp/hard\libgcc.a(_arm_muldivdf3.o)
                0x08000550                __aeabi_dmul
                0x08000550                __muldf3
                0x080007a4                __divdf3
                0x080007a4                __aeabi_ddiv
 .text          0x08000974      0x110 c:/programdata/matlab/supportpackages/r2024a/3p.instrset/gnuarm-armcortex.instrset/win/bin/../lib/gcc/arm-none-eabi/11.3.1/thumb/v7e-m+fp/hard\libgcc.a(_arm_cmpdf2.o)
                0x08000974                __gtdf2
                0x08000974                __gedf2
                0x0800097c                __ltdf2
                0x0800097c                __ledf2
                0x08000984                __nedf2
                0x08000984                __eqdf2
                0x08000984                __cmpdf2
                0x08000a00                __aeabi_cdrcmple
                0x08000a10                __aeabi_cdcmpeq
                0x08000a10                __aeabi_cdcmple
                0x08000a20                __aeabi_dcmpeq
                0x08000a34                __aeabi_dcmplt
                0x08000a48                __aeabi_dcmple
                0x08000a5c                __aeabi_dcmpge
                0x08000a70                __aeabi_dcmpgt
 .text          0x08000a84       0x2c c:/programdata/matlab/supportpackages/r2024a/3p.instrset/gnuarm-armcortex.instrset/win/bin/../lib/gcc/arm-none-eabi/11.3.1/thumb/v7e-m+fp/hard\libgcc.a(_arm_unorddf2.o)
                0x08000a84                __unorddf2
                0x08000a84                __aeabi_dcmpun
 .text          0x08000ab0       0x40 c:/programdata/matlab/supportpackages/r2024a/3p.instrset/gnuarm-armcortex.instrset/win/bin/../lib/gcc/arm-none-eabi/11.3.1/thumb/v7e-m+fp/hard\libgcc.a(_arm_fixunsdfsi.o)
                0x08000ab0                __aeabi_d2uiz
                0x08000ab0                __fixunsdfsi
 .text          0x08000af0       0x30 c:/programdata/matlab/supportpackages/r2024a/3p.instrset/gnuarm-armcortex.instrset/win/bin/../lib/gcc/arm-none-eabi/11.3.1/thumb/v7e-m+fp/hard\libgcc.a(_aeabi_uldivmod.o)
                0x08000af0                __aeabi_uldivmod
 .text          0x08000b20        0x4 c:/programdata/matlab/supportpackages/r2024a/3p.instrset/gnuarm-armcortex.instrset/win/bin/../lib/gcc/arm-none-eabi/11.3.1/thumb/v7e-m+fp/hard\libgcc.a(_dvmd_tls.o)
                0x08000b20                __aeabi_idiv0
                0x08000b20                __aeabi_ldiv0
 *(.text*)
 .text.deregister_tm_clones
                0x08000b24       0x1c c:/programdata/matlab/supportpackages/r2024a/3p.instrset/gnuarm-armcortex.instrset/win/bin/../lib/gcc/arm-none-eabi/11.3.1/thumb/v7e-m+fp/hard/crtbegin.o
 .text.register_tm_clones
                0x08000b40       0x24 c:/programdata/matlab/supportpackages/r2024a/3p.instrset/gnuarm-armcortex.instrset/win/bin/../lib/gcc/arm-none-eabi/11.3.1/thumb/v7e-m+fp/hard/crtbegin.o
 .text.__do_global_dtors_aux
                0x08000b64       0x28 c:/programdata/matlab/supportpackages/r2024a/3p.instrset/gnuarm-armcortex.instrset/win/bin/../lib/gcc/arm-none-eabi/11.3.1/thumb/v7e-m+fp/hard/crtbegin.o
 .text.frame_dummy
                0x08000b8c       0x24 c:/programdata/matlab/supportpackages/r2024a/3p.instrset/gnuarm-armcortex.instrset/win/bin/../lib/gcc/arm-none-eabi/11.3.1/thumb/v7e-m+fp/hard/crtbegin.o
 .text.LL_ADC_REG_IsTriggerSourceSWStart
                0x08000bb0       0x26 stm_adc_ll.o
 .text.LL_ADC_REG_SetSequencerLength
                0x08000bd6       0x26 stm_adc_ll.o
 .text.LL_ADC_REG_SetDMATransfer
                0x08000bfc       0x26 stm_adc_ll.o
 .text.LL_ADC_INJ_IsTriggerSourceSWStart
                0x08000c22       0x26 stm_adc_ll.o
 .text.LL_ADC_Enable
                0x08000c48       0x28 stm_adc_ll.o
 .text.LL_ADC_Disable
                0x08000c70       0x28 stm_adc_ll.o
 .text.LL_ADC_IsEnabled
                0x08000c98       0x26 stm_adc_ll.o
 .text.LL_ADC_StartCalibration
                0x08000cbe       0x32 stm_adc_ll.o
 .text.LL_ADC_IsCalibrationOnGoing
                0x08000cf0       0x28 stm_adc_ll.o
 .text.LL_ADC_REG_StartConversion
                0x08000d18       0x28 stm_adc_ll.o
 .text.LL_ADC_REG_ReadConversionData12
                0x08000d40       0x1a stm_adc_ll.o
 .text.LL_ADC_INJ_StartConversion
                0x08000d5a       0x28 stm_adc_ll.o
 .text.LL_ADC_IsActiveFlag_EOS
                0x08000d82       0x26 stm_adc_ll.o
 .text.LL_ADC_IsActiveFlag_OVR
                0x08000da8       0x26 stm_adc_ll.o
 .text.LL_ADC_ClearFlag_EOS
                0x08000dce       0x1a stm_adc_ll.o
 .text.LL_ADC_ClearFlag_OVR
                0x08000de8       0x1a stm_adc_ll.o
 .text.LL_ADC_EnableIT_EOS
                0x08000e02       0x20 stm_adc_ll.o
 .text.LL_ADC_EnableIT_JEOS
                0x08000e22       0x20 stm_adc_ll.o
 .text.LL_ADC_DisableIT_EOS
                0x08000e42       0x20 stm_adc_ll.o
 .text.LL_ADC_DisableIT_OVR
                0x08000e62       0x20 stm_adc_ll.o
 .text.LL_ADC_DisableIT_JEOS
                0x08000e82       0x20 stm_adc_ll.o
 .text.LL_ADC_DisableIT_AWD1
                0x08000ea2       0x20 stm_adc_ll.o
 .text.LL_ADC_IsEnabledIT_OVR
                0x08000ec2       0x26 stm_adc_ll.o
 .text.LL_ADC_IsEnabledIT_AWD1
                0x08000ee8       0x26 stm_adc_ll.o
 .text.regularADCTrigger
                0x08000f0e       0x86 stm_adc_ll.o
 .text.configure_ADCs_DMA
                0x08000f94       0x1a stm_adc_ll.o
 .text.deconfigure_ADCs_DMA
                0x08000fae       0x18 stm_adc_ll.o
 .text.ADC_IsActiveFlagOVR
                0x08000fc6       0x42 stm_adc_ll.o
                0x08000fc6                ADC_IsActiveFlagOVR
 .text.ADC1_2_IRQHandler
                0x08001008        0xe stm_adc_ll.o
                0x08001008                ADC1_2_IRQHandler
 .text.startADCConversionForExternalTrigger
                0x08001016       0x50 stm_adc_ll.o
                0x08001016                startADCConversionForExternalTrigger
 *fill*         0x08001066        0x2 
 .text.ADC_Handle_Init
                0x08001068      0x118 stm_adc_ll.o
                0x08001068                ADC_Handle_Init
 .text.enableADC
                0x08001180       0x2a stm_adc_ll.o
                0x08001180                enableADC
 .text.regularReadADCNormal
                0x080011aa      0x10a stm_adc_ll.o
                0x080011aa                regularReadADCNormal
 .text.ADC_Handle_Deinit
                0x080012b4       0xee stm_adc_ll.o
                0x080012b4                ADC_Handle_Deinit
 *fill*         0x080013a2        0x2 
 .text.enableADCAutomaticCalibrationOffset
                0x080013a4      0x114 stm_adc_ll.o
                0x080013a4                enableADCAutomaticCalibrationOffset
 .text.extmodeParseArgs
                0x080014b8       0x1e xcp_ext_mode.o
                0x080014b8                extmodeParseArgs
 *fill*         0x080014d6        0x2 
 .text.extmodeInit
                0x080014d8      0x128 xcp_ext_mode.o
                0x080014d8                extmodeInit
 .text.extmodeWaitForHostRequest
                0x08001600       0xcc xcp_ext_mode.o
                0x08001600                extmodeWaitForHostRequest
 .text.extmodeEvent
                0x080016cc       0xfc xcp_ext_mode.o
                0x080016cc                extmodeEvent
 .text.extmodeBackgroundRun
                0x080017c8       0x20 xcp_ext_mode.o
                0x080017c8                extmodeBackgroundRun
 .text.extmodeReset
                0x080017e8       0x40 xcp_ext_mode.o
                0x080017e8                extmodeReset
 .text.extmodeStopRequested
                0x08001828       0x18 xcp_ext_mode.o
                0x08001828                extmodeStopRequested
 .text.extmodeSimulationComplete
                0x08001840       0x18 xcp_ext_mode.o
                0x08001840                extmodeSimulationComplete
 .text.rt_OneStep
                0x08001858       0x78 ert_main.o
                0x08001858                rt_OneStep
 .text.main     0x080018d0      0x184 ert_main.o
                0x080018d0                main
 .text.untitled_SystemCore_setup
                0x08001a54       0x86 untitled.o
 *fill*         0x08001ada        0x2 
 .text.untitled_step
                0x08001adc       0x48 untitled.o
                0x08001adc                untitled_step
 *fill*         0x08001b24        0x4 
 .text.untitled_initialize
                0x08001b28       0xb0 untitled.o
                0x08001b28                untitled_initialize
 .text.untitled_terminate
                0x08001bd8       0x38 untitled.o
                0x08001bd8                untitled_terminate
 .text.xcp_void_printf
                0x08001c10       0x12 xcp_ext_common.o
                0x08001c10                xcp_void_printf
 .text.xcpCopyTimeValue
                0x08001c22       0x26 xcp_ext_common.o
 .text.xcpExtModeUpdateTime
                0x08001c48      0x13c xcp_ext_common.o
                0x08001c48                xcpExtModeUpdateTime
 .text.xcpExtModeInit
                0x08001d84       0x9c xcp_ext_common.o
                0x08001d84                xcpExtModeInit
 .text.xcpExtModeRunBackground
                0x08001e20      0x13c xcp_ext_common.o
                0x08001e20                xcpExtModeRunBackground
 .text.xcpExtModeReset
                0x08001f5c      0x128 xcp_ext_common.o
                0x08001f5c                xcpExtModeReset
 .text.sampleSignalTrigger
                0x08002084      0x1b4 xcp_ext_classic_trigger.o
 .text.updateTriggerStatus
                0x08002238      0x2b8 xcp_ext_classic_trigger.o
 .text.xcpExtModeClassicTriggerInit
                0x080024f0       0x68 xcp_ext_classic_trigger.o
                0x080024f0                xcpExtModeClassicTriggerInit
 .text.xcpExtModeClassicTriggerEnabled
                0x08002558      0x100 xcp_ext_classic_trigger.o
                0x08002558                xcpExtModeClassicTriggerEnabled
 .text.xcpExtModeClassicTriggerReset
                0x08002658       0xf4 xcp_ext_classic_trigger.o
                0x08002658                xcpExtModeClassicTriggerReset
 .text.xcpExtModeClassicTriggerForceEnableStatusUpdate
                0x0800274c       0x80 xcp_ext_classic_trigger.o
                0x0800274c                xcpExtModeClassicTriggerForceEnableStatusUpdate
 .text.msgBufferRealloc
                0x080027cc       0x72 xcp.o
 *fill*         0x0800283e        0x2 
 .text.discardInputPacketHandler
                0x08002840       0x3c xcp.o
 .text.unknownInputPacketHandler
                0x0800287c       0x34 xcp.o
 .text.xcpGetPacketGroupID
                0x080028b0       0x74 xcp.o
 .text.xcpGetPacketHandlers
                0x08002924      0x124 xcp.o
 .text.xcpStatusSet
                0x08002a48       0x20 xcp.o
                0x08002a48                xcpStatusSet
 .text.xcpSessionStatusGet
                0x08002a68       0x18 xcp.o
                0x08002a68                xcpSessionStatusGet
 .text.xcpSessionStatusSetMask
                0x08002a80       0x28 xcp.o
                0x08002a80                xcpSessionStatusSetMask
 .text.xcpSessionStatusClearMask
                0x08002aa8       0x34 xcp.o
                0x08002aa8                xcpSessionStatusClearMask
 .text.xcpResourceProtectionStatusGet
                0x08002adc       0x18 xcp.o
                0x08002adc                xcpResourceProtectionStatusGet
 .text.xcpSessionConfigurationIdGet
                0x08002af4       0x18 xcp.o
                0x08002af4                xcpSessionConfigurationIdGet
 .text.genericOutputPacketHandler
                0x08002b0c      0x11c xcp.o
                0x08002b0c                genericOutputPacketHandler
 .text.xcpFindPacket
                0x08002c28       0x6e xcp.o
                0x08002c28                xcpFindPacket
 *fill*         0x08002c96        0x2 
 .text.xcpInit  0x08002c98       0x64 xcp.o
                0x08002c98                xcpInit
 .text.xcpRun   0x08002cfc      0x194 xcp.o
                0x08002cfc                xcpRun
 .text.xcpEvent
                0x08002e90       0x50 xcp.o
                0x08002e90                xcpEvent
 .text.xcpGetStatus
                0x08002ee0       0x18 xcp.o
                0x08002ee0                xcpGetStatus
 .text.xcpReset
                0x08002ef8       0x40 xcp.o
                0x08002ef8                xcpReset
 .text.xcpPackedModeEventsFlush
                0x08002f38       0x1e xcp.o
                0x08002f38                xcpPackedModeEventsFlush
 .text.xcpPackedModeEventReset
                0x08002f56       0x2a xcp.o
                0x08002f56                xcpPackedModeEventReset
 .text.isValidUploadSize
                0x08002f80       0x30 xcp_standard.o
 .text.xcpMemcpyFromMTA
                0x08002fb0       0x38 xcp_standard.o
 .text.connectInputPacketHandler
                0x08002fe8       0xa4 xcp_standard.o
 .text.connectOutputPacketHandler
                0x0800308c       0xd4 xcp_standard.o
 .text.disconnectInputPacketHandler
                0x08003160       0x54 xcp_standard.o
 .text.getStatusInputPacketHandler
                0x080031b4       0x28 xcp_standard.o
 .text.getStatusOutputPacketHandler
                0x080031dc       0x80 xcp_standard.o
 .text.synchInputPacketHandler
                0x0800325c       0x44 xcp_standard.o
 .text.setMTAInputPacketHandler
                0x080032a0       0x78 xcp_standard.o
 .text.uploadInputPacketHandler
                0x08003318       0x98 xcp_standard.o
 .text.uploadOutputPacketHandler
                0x080033b0       0x9c xcp_standard.o
 .text.shortUploadInputPacketHandler
                0x0800344c       0xa4 xcp_standard.o
 .text.shortUploadOutputPacketHandler
                0x080034f0       0x9c xcp_standard.o
 .text.getPacket
                0x0800358c       0x24 xcp_standard.o
 .text.xcpStandardInit
                0x080035b0       0x18 xcp_standard.o
                0x080035b0                xcpStandardInit
 .text.xcpStandardGetPacketLookup
                0x080035c8       0x18 xcp_standard.o
                0x080035c8                xcpStandardGetPacketLookup
 .text.xcpStandardSetPacketLookup
                0x080035e0       0x20 xcp_standard.o
                0x080035e0                xcpStandardSetPacketLookup
 .text.xcpStandardReset
                0x08003600       0x12 xcp_standard.o
                0x08003600                xcpStandardReset
 *fill*         0x08003612        0x2 
 .text.xcpStandardGetAddressFromMta
                0x08003614       0x18 xcp_standard.o
                0x08003614                xcpStandardGetAddressFromMta
 .text.xcpStandardSetMta
                0x0800362c       0x3c xcp_standard.o
                0x0800362c                xcpStandardSetMta
 .text.xcpStandardIncrementMta
                0x08003668       0x28 xcp_standard.o
                0x08003668                xcpStandardIncrementMta
 .text.xcpStandardExtendedInit
                0x08003690        0xe xcp_standard.o
                0x08003690                xcpStandardExtendedInit
 .text.xcpStandardExtendedReset
                0x0800369e        0xe xcp_standard.o
                0x0800369e                xcpStandardExtendedReset
 .text.xcpDaqWriteLock
                0x080036ac       0x4c xcp_daq.o
 .text.xcpDaqWriteUnlock
                0x080036f8       0x20 xcp_daq.o
 .text.xcpDaqReadLock
                0x08003718       0x38 xcp_daq.o
 .text.xcpDaqReadUnlock
                0x08003750       0x38 xcp_daq.o
 .text.isActiveDaqList
                0x08003788       0x50 xcp_daq.o
 .text.noActiveDaqLists
                0x080037d8       0x50 xcp_daq.o
 .text.isValidDaqPtr
                0x08003828       0xb8 xcp_daq.o
 .text.isValidDaqEntry
                0x080038e0       0x36 xcp_daq.o
 .text.isSupportedDaqListMode
                0x08003916       0x26 xcp_daq.o
 .text.isValidStartStopMode
                0x0800393c       0x32 xcp_daq.o
 .text.isValidStartStopSynchMode
                0x0800396e       0x32 xcp_daq.o
 .text.absoluteOdtNumberIdentification
                0x080039a0       0x10 xcp_daq.o
 .text.isDaqPackedModeEnabled
                0x080039b0       0x6c xcp_daq.o
 .text.odtPacketSize
                0x08003a1c       0x54 xcp_daq.o
 .text.createDaqReservedPool
                0x08003a70       0x88 xcp_daq.o
 .text.destroyDaqReservedPool
                0x08003af8       0x2c xcp_daq.o
 .text.setDaqPtrInputPacketHandler
                0x08003b24       0xdc xcp_daq.o
 .text.writeDaqInputPacketHandler
                0x08003c00      0x198 xcp_daq.o
 .text.setDaqListModeInputPacketHandler
                0x08003d98      0x1c8 xcp_daq.o
 .text.startStopDaqListInputPacketHandler
                0x08003f60      0x3f4 xcp_daq.o
 .text.startStopDaqListOutputPacketHandler
                0x08004354       0x5c xcp_daq.o
 .text.startStopSynchInputPacketHandler
                0x080043b0      0x328 xcp_daq.o
 .text.getDaqProcessorInfoInputPacketHandler
                0x080046d8       0x28 xcp_daq.o
 .text.getDaqProcessorInfoOutputPacketHandler
                0x08004700       0xac xcp_daq.o
 .text.getDaqResolutionInfoInputPacketHandler
                0x080047ac       0x28 xcp_daq.o
 .text.getDaqResolutionInfoOutputPacketHandler
                0x080047d4       0xb8 xcp_daq.o
 .text.freeDaqInputPacketHandler
                0x0800488c       0x5c xcp_daq.o
 .text.allocDaqInputPacketHandler
                0x080048e8      0x18c xcp_daq.o
 .text.allocOdtInputPacketHandler
                0x08004a74      0x1c0 xcp_daq.o
 .text.allocOdtEntryInputPacketHandler
                0x08004c34      0x270 xcp_daq.o
 .text.getDaqClockInputPacketHandler
                0x08004ea4       0x22 xcp_daq.o
 *fill*         0x08004ec6        0x2 
 .text.setDaqPackedModeInputPacketHandler
                0x08004ec8      0x21c xcp_daq.o
 .text.level1CommandInputPacketHandler
                0x080050e4       0x64 xcp_daq.o
 .text.getPacket
                0x08005148       0x24 xcp_daq.o
 .text.xcpDaqInit
                0x0800516c       0x38 xcp_daq.o
                0x0800516c                xcpDaqInit
 .text.xcpDaqGetPacketLookup
                0x080051a4       0x18 xcp_daq.o
                0x080051a4                xcpDaqGetPacketLookup
 .text.xcpDaqSetPacketLookup
                0x080051bc       0x20 xcp_daq.o
                0x080051bc                xcpDaqSetPacketLookup
 .text.xcpResetDaq
                0x080051dc       0xa4 xcp_daq.o
 .text.daqWriteXCPDataForOdt
                0x08005280       0x7c xcp_daq.o
 .text.odtWriteEntries
                0x080052fc       0x9c xcp_daq.o
 .text.xcpProcessDaq
                0x08005398      0x208 xcp_daq.o
 .text.xcpDaqEvent
                0x080055a0      0x108 xcp_daq.o
                0x080055a0                xcpDaqEvent
 .text.xcpDaqEventsFlush
                0x080056a8      0x284 xcp_daq.o
                0x080056a8                xcpDaqEventsFlush
 .text.xcpDaqLock
                0x0800592c       0x1e xcp_daq.o
                0x0800592c                xcpDaqLock
 .text.xcpDaqUnlock
                0x0800594a        0xe xcp_daq.o
                0x0800594a                xcpDaqUnlock
 .text.xcpResetDaqListStatus
                0x08005958      0x19c xcp_daq.o
                0x08005958                xcpResetDaqListStatus
 .text.xcpDaqReset
                0x08005af4       0x20 xcp_daq.o
                0x08005af4                xcpDaqReset
 .text.xcpDaqExtendedInit
                0x08005b14        0xe xcp_daq.o
                0x08005b14                xcpDaqExtendedInit
 .text.xcpDaqExtendedReset
                0x08005b22        0xe xcp_daq.o
                0x08005b22                xcpDaqExtendedReset
 .text.isValidShortDownloadSize
                0x08005b30       0x34 xcp_calibration.o
 .text.isValidDownloadSize
                0x08005b64       0x3a xcp_calibration.o
 *fill*         0x08005b9e        0x2 
 .text.xcpMemcpyToMTA
                0x08005ba0       0x34 xcp_calibration.o
 .text.downloadInputPacketHandler
                0x08005bd4       0xb0 xcp_calibration.o
 .text.shortDownloadInputPacketHandler
                0x08005c84       0xb8 xcp_calibration.o
 .text.getPacket
                0x08005d3c       0x24 xcp_calibration.o
 .text.xcpCalibrationInit
                0x08005d60       0x14 xcp_calibration.o
                0x08005d60                xcpCalibrationInit
 .text.xcpCalibrationGetPacketLookup
                0x08005d74       0x18 xcp_calibration.o
                0x08005d74                xcpCalibrationGetPacketLookup
 .text.xcpCalibrationSetPacketLookup
                0x08005d8c       0x20 xcp_calibration.o
                0x08005d8c                xcpCalibrationSetPacketLookup
 .text.xcpCalibrationReset
                0x08005dac        0xe xcp_calibration.o
                0x08005dac                xcpCalibrationReset
 .text.xcpFifoInit
                0x08005dba       0x20 xcp_fifo.o
                0x08005dba                xcpFifoInit
 .text.xcpFifoEnqueue
                0x08005dda       0x2a xcp_fifo.o
                0x08005dda                xcpFifoEnqueue
 .text.xcpFifoDequeue
                0x08005e04       0x3e xcp_fifo.o
                0x08005e04                xcpFifoDequeue
 .text.xcpFifoEnqueueHead
                0x08005e42       0x32 xcp_fifo.o
                0x08005e42                xcpFifoEnqueueHead
 .text.xcpFifoReset
                0x08005e74       0x16 xcp_fifo.o
                0x08005e74                xcpFifoReset
 *fill*         0x08005e8a        0x2 
 .text.xcpTransportEmptyTxFifo
                0x08005e8c       0x6c xcp_transport.o
 .text.xcpTransportEmptyRxFifo
                0x08005ef8       0x6c xcp_transport.o
 .text.xcpTransportInit
                0x08005f64      0x138 xcp_transport.o
                0x08005f64                xcpTransportInit
 .text.xcpTransportTxReady
                0x0800609c       0x1a xcp_transport.o
                0x0800609c                xcpTransportTxReady
 .text.xcpTransportTxTrigger
                0x080060b6       0x1a xcp_transport.o
                0x080060b6                xcpTransportTxTrigger
 .text.xcpTransportTxPacketSet
                0x080060d0      0x144 xcp_transport.o
                0x080060d0                xcpTransportTxPacketSet
 .text.xcpTransportTx
                0x08006214       0xec xcp_transport.o
                0x08006214                xcpTransportTx
 .text.xcpTransportRx
                0x08006300       0x80 xcp_transport.o
                0x08006300                xcpTransportRx
 .text.xcpTransportRxPacketGet
                0x08006380      0x12c xcp_transport.o
                0x08006380                xcpTransportRxPacketGet
 .text.xcpTransportPacketOffset
                0x080064ac       0x20 xcp_transport.o
                0x080064ac                xcpTransportPacketOffset
 .text.xcpTransportMsgBufferSize
                0x080064cc       0x70 xcp_transport.o
                0x080064cc                xcpTransportMsgBufferSize
 .text.xcpTransportMaxDtoSize
                0x0800653c        0xe xcp_transport.o
                0x0800653c                xcpTransportMaxDtoSize
 .text.xcpTransportMaxCtoSize
                0x0800654a        0xe xcp_transport.o
                0x0800654a                xcpTransportMaxCtoSize
 .text.xcpTransportRestart
                0x08006558       0x44 xcp_transport.o
                0x08006558                xcpTransportRestart
 .text.xcpTransportResynch
                0x0800659c       0x40 xcp_transport.o
                0x0800659c                xcpTransportResynch
 .text.xcpTransportCtoReservedMemPoolId
                0x080065dc       0x18 xcp_transport.o
                0x080065dc                xcpTransportCtoReservedMemPoolId
 .text.xcpTransportReset
                0x080065f4       0xe4 xcp_transport.o
                0x080065f4                xcpTransportReset
 .text.xcpInitializePoolMemoryArea
                0x080066d8       0x72 xcp_mem_default.o
 *fill*         0x0800674a        0x2 
 .text.xcpMemInit
                0x0800674c      0x1d4 xcp_mem_default.o
                0x0800674c                xcpMemInit
 .text.xcpMemAlloc
                0x08006920       0xe8 xcp_mem_default.o
                0x08006920                xcpMemAlloc
 .text.xcpMemFree
                0x08006a08      0x170 xcp_mem_default.o
                0x08006a08                xcpMemFree
 .text.xcpMemReservedPoolCreate
                0x08006b78      0x224 xcp_mem_default.o
                0x08006b78                xcpMemReservedPoolCreate
 .text.xcpMemReservedPoolDestroy
                0x08006d9c      0x158 xcp_mem_default.o
                0x08006d9c                xcpMemReservedPoolDestroy
 .text.xcpMemCustomPoolCreate
                0x08006ef4       0xbc xcp_mem_default.o
                0x08006ef4                xcpMemCustomPoolCreate
 .text.xcpMemCustomPoolDestroy
                0x08006fb0       0x64 xcp_mem_default.o
                0x08006fb0                xcpMemCustomPoolDestroy
 .text.xcpMemAllocFromPool
                0x08007014      0x170 xcp_mem_default.o
                0x08007014                xcpMemAllocFromPool
 .text.xcpMemReset
                0x08007184       0x50 xcp_mem_default.o
                0x08007184                xcpMemReset
 .text.xcpDrvOpen
                0x080071d4       0x64 xcp_drv_rtiostream.o
                0x080071d4                xcpDrvOpen
 .text.xcpDrvIoctl
                0x08007238       0x4c xcp_drv_rtiostream.o
                0x08007238                xcpDrvIoctl
 .text.xcpDrvSend
                0x08007284      0x14c xcp_drv_rtiostream.o
                0x08007284                xcpDrvSend
 .text.xcpDrvRecv
                0x080073d0      0x14c xcp_drv_rtiostream.o
                0x080073d0                xcpDrvRecv
 .text.xcpDrvClose
                0x0800751c       0x5c xcp_drv_rtiostream.o
                0x0800751c                xcpDrvClose
 .text.xcpSortArray
                0x08007578       0xcc xcp_utils.o
                0x08007578                xcpSortArray
 .text.xcpSxiHtons
                0x08007644       0x18 xcp_frame_serial.o
 .text.xcpSxiNtohs
                0x0800765c       0x1c xcp_frame_serial.o
 .text.xcpSxiChecksum
                0x08007678       0x3e xcp_frame_serial.o
                0x08007678                xcpSxiChecksum
 *fill*         0x080076b6        0x2 
 .text.xcpFrameInit
                0x080076b8       0x70 xcp_frame_serial.o
                0x080076b8                xcpFrameInit
 .text.xcpFrameMsgSend
                0x08007728      0x184 xcp_frame_serial.o
                0x08007728                xcpFrameMsgSend
 .text.xcpFrameMsgRecv
                0x080078ac      0x180 xcp_frame_serial.o
                0x080078ac                xcpFrameMsgRecv
 .text.xcpFrameCreateMsg
                0x08007a2c       0x94 xcp_frame_serial.o
                0x08007a2c                xcpFrameCreateMsg
 .text.xcpFrameExtractPacket
                0x08007ac0      0x154 xcp_frame_serial.o
                0x08007ac0                xcpFrameExtractPacket
 .text.xcpFrameHeaderSize
                0x08007c14       0x10 xcp_frame_serial.o
                0x08007c14                xcpFrameHeaderSize
 .text.xcpFrameTailSize
                0x08007c24       0x10 xcp_frame_serial.o
                0x08007c24                xcpFrameTailSize
 .text.xcpFrameMaxDtoSize
                0x08007c34       0x12 xcp_frame_serial.o
                0x08007c34                xcpFrameMaxDtoSize
 .text.xcpFrameMaxCtoSize
                0x08007c46       0x10 xcp_frame_serial.o
                0x08007c46                xcpFrameMaxCtoSize
 *fill*         0x08007c56        0x2 
 .text.xcpFrameRestart
                0x08007c58       0x30 xcp_frame_serial.o
                0x08007c58                xcpFrameRestart
 .text.xcpFrameSetCtoReservedMemPoolId
                0x08007c88       0x20 xcp_frame_serial.o
                0x08007c88                xcpFrameSetCtoReservedMemPoolId
 .text.xcpFrameReset
                0x08007ca8       0x70 xcp_frame_serial.o
                0x08007ca8                xcpFrameReset
 .text.xcpTransportGetInitParameters
                0x08007d18       0x2e xcp_ext_param_default_serial.o
                0x08007d18                xcpTransportGetInitParameters
 .text.xcpGetInitParameters
                0x08007d46       0x2e xcp_ext_param_default_serial.o
                0x08007d46                xcpGetInitParameters
 .text.HAL_Delay
                0x08007d74       0x2e overrideHALDelay.o
                0x08007d74                HAL_Delay
 *fill*         0x08007da2        0x2 
 .text.PeriphCommonClock_Config
                0x08007da4       0x10 platform_timer.o
                0x08007da4                PeriphCommonClock_Config
 .text.getCurrentTimestampInMicros
                0x08007db4       0x3c platform_timer.o
                0x08007db4                getCurrentTimestampInMicros
 .text.returnTimeElapsed
                0x08007df0       0x2c platform_timer.o
                0x08007df0                returnTimeElapsed
 .text.timestampInit
                0x08007e1c       0x28 platform_timer.o
 .text.getCurrentTimestamp
                0x08007e44       0x44 platform_timer.o
                0x08007e44                getCurrentTimestamp
 .text.__NVIC_SetPriority
                0x08007e88       0x54 SysTickScheduler.o
 .text.SysTick_Config
                0x08007edc       0x44 SysTickScheduler.o
 .text.SysTick_Isr
                0x08007f20       0x48 SysTickScheduler.o
 .text.SysTick_Handler
                0x08007f68       0x20 SysTickScheduler.o
                0x08007f68                SysTick_Handler
 .text.ARMCM_SysTick_Config
                0x08007f88       0xb0 SysTickScheduler.o
                0x08007f88                ARMCM_SysTick_Config
 .text.PendSV_Handler
                0x08008038       0x44 m3m4m4f_multitasking.o
                0x08008038                PendSV_Handler
 .text.SVC_Handler
                0x0800807c       0x58 m3m4m4f_multitasking.o
                0x0800807c                SVC_Handler
 .text.rtIOStreamOpen
                0x080080d4       0x44 rtiostream_serial.o
                0x080080d4                rtIOStreamOpen
 .text.rtIOStreamSend
                0x08008118       0x38 rtiostream_serial.o
                0x08008118                rtIOStreamSend
 .text.rtIOStreamRecv
                0x08008150       0x48 rtiostream_serial.o
                0x08008150                rtIOStreamRecv
 .text.rtIOStreamClose
                0x08008198       0x20 rtiostream_serial.o
                0x08008198                rtIOStreamClose
 .text.LL_DMA_GetDataLength
                0x080081b8       0x30 stm_usart.o
 .text.getAvailableDataInBuffer
                0x080081e8       0xcc stm_usart.o
                0x080081e8                getAvailableDataInBuffer
 .text.getBytesToBeReadFromBuffer
                0x080082b4       0x6e stm_usart.o
                0x080082b4                getBytesToBeReadFromBuffer
 *fill*         0x08008322        0x2 
 .text.readDataFromBuffer
                0x08008324       0xdc stm_usart.o
                0x08008324                readDataFromBuffer
 .text.__NVIC_GetPriorityGrouping
                0x08008400       0x1c stm_lpuart.o
 .text.__NVIC_EnableIRQ
                0x0800841c       0x3c stm_lpuart.o
 .text.__NVIC_SetPriority
                0x08008458       0x54 stm_lpuart.o
 .text.NVIC_EncodePriority
                0x080084ac       0x66 stm_lpuart.o
 *fill*         0x08008512        0x2 
 .text.LL_DMA_EnableChannel
                0x08008514       0x44 stm_lpuart.o
 .text.LL_DMA_DisableChannel
                0x08008558       0x44 stm_lpuart.o
 .text.LL_DMA_GetMode
                0x0800859c       0x34 stm_lpuart.o
 .text.LL_DMA_SetDataLength
                0x080085d0       0x4c stm_lpuart.o
 .text.LL_DMA_ConfigAddresses
                0x0800861c       0x7c stm_lpuart.o
 .text.LL_DMA_IsActiveFlag_TC1
                0x08008698       0x26 stm_lpuart.o
 .text.LL_DMA_ClearFlag_TC1
                0x080086be       0x1a stm_lpuart.o
 .text.LL_DMA_EnableIT_TC
                0x080086d8       0x44 stm_lpuart.o
 .text.LL_DMA_DisableIT_TC
                0x0800871c       0x44 stm_lpuart.o
 .text.LL_DMA_IsEnabledIT_TC
                0x08008760       0x3c stm_lpuart.o
 .text.LL_LPUART_Enable
                0x0800879c       0x20 stm_lpuart.o
 .text.LL_LPUART_Disable
                0x080087bc       0x20 stm_lpuart.o
 .text.LL_LPUART_IsEnabled
                0x080087dc       0x26 stm_lpuart.o
 .text.LL_LPUART_IsActiveFlag_PE
                0x08008802       0x26 stm_lpuart.o
 .text.LL_LPUART_IsActiveFlag_FE
                0x08008828       0x26 stm_lpuart.o
 .text.LL_LPUART_IsActiveFlag_NE
                0x0800884e       0x26 stm_lpuart.o
 .text.LL_LPUART_IsActiveFlag_ORE
                0x08008874       0x26 stm_lpuart.o
 .text.LL_LPUART_IsActiveFlag_TC
                0x0800889a       0x26 stm_lpuart.o
 .text.LL_LPUART_IsActiveFlag_TXE_TXFNF
                0x080088c0       0x26 stm_lpuart.o
 .text.LL_LPUART_ClearFlag_PE
                0x080088e6       0x1a stm_lpuart.o
 .text.LL_LPUART_ClearFlag_FE
                0x08008900       0x1a stm_lpuart.o
 .text.LL_LPUART_ClearFlag_NE
                0x0800891a       0x1a stm_lpuart.o
 .text.LL_LPUART_ClearFlag_ORE
                0x08008934       0x1a stm_lpuart.o
 .text.LL_LPUART_EnableIT_RXNE_RXFNE
                0x0800894e       0x42 stm_lpuart.o
 .text.LL_LPUART_EnableIT_PE
                0x08008990       0x42 stm_lpuart.o
 .text.LL_LPUART_EnableIT_ERROR
                0x080089d2       0x46 stm_lpuart.o
 .text.LL_LPUART_DisableIT_RXNE_RXFNE
                0x08008a18       0x42 stm_lpuart.o
 .text.LL_LPUART_DisableIT_TXE_TXFNF
                0x08008a5a       0x42 stm_lpuart.o
 .text.LL_LPUART_DisableIT_PE
                0x08008a9c       0x42 stm_lpuart.o
 .text.LL_LPUART_DisableIT_ERROR
                0x08008ade       0x46 stm_lpuart.o
 .text.LL_LPUART_EnableDMAReq_RX
                0x08008b24       0x46 stm_lpuart.o
 .text.LL_LPUART_DisableDMAReq_RX
                0x08008b6a       0x46 stm_lpuart.o
 .text.LL_LPUART_EnableDMAReq_TX
                0x08008bb0       0x46 stm_lpuart.o
 .text.LL_LPUART_DisableDMAReq_TX
                0x08008bf6       0x46 stm_lpuart.o
 .text.LL_LPUART_DMA_GetRegAddr
                0x08008c3c       0x2c stm_lpuart.o
 .text.LL_LPUART_ReceiveData8
                0x08008c68       0x1a stm_lpuart.o
 .text.LL_LPUART_TransmitData8
                0x08008c82       0x1e stm_lpuart.o
 .text.LPUART_RXDMAInterruptHandler
                0x08008ca0       0xd4 stm_lpuart.o
                0x08008ca0                LPUART_RXDMAInterruptHandler
 .text.LPUART_IsActiveFlagError
                0x08008d74       0xf4 stm_lpuart.o
                0x08008d74                LPUART_IsActiveFlagError
 .text.LPUART1_IRQHandler
                0x08008e68       0x14 stm_lpuart.o
                0x08008e68                LPUART1_IRQHandler
 .text.DMA1_Channel1_IRQHandler
                0x08008e7c       0x20 stm_lpuart.o
                0x08008e7c                DMA1_Channel1_IRQHandler
 .text.LPUART_ConfigureReceiveDMA
                0x08008e9c       0xae stm_lpuart.o
                0x08008e9c                LPUART_ConfigureReceiveDMA
 .text.LPUART_ConfigureTransmitDMA
                0x08008f4a       0x7a stm_lpuart.o
                0x08008f4a                LPUART_ConfigureTransmitDMA
 .text.MW_LPUART_GetReadErrorStatus
                0x08008fc4       0xc8 stm_lpuart.o
                0x08008fc4                MW_LPUART_GetReadErrorStatus
 .text.MW_LPUART_Initialize
                0x0800908c      0x170 stm_lpuart.o
                0x0800908c                MW_LPUART_Initialize
 .text.MW_LPUART_ReceiveUsingBuffer
                0x080091fc       0x5c stm_lpuart.o
                0x080091fc                MW_LPUART_ReceiveUsingBuffer
 .text.MW_LPUART_TransmitUsingPolling
                0x08009258      0x184 stm_lpuart.o
                0x08009258                MW_LPUART_TransmitUsingPolling
 .text.MW_LPUART_DeInit
                0x080093dc       0xaa stm_lpuart.o
                0x080093dc                MW_LPUART_DeInit
 .text.sys_arch_protect
                0x08009486       0x22 sys_arch.o
                0x08009486                sys_arch_protect
 .text.sys_arch_unprotect
                0x080094a8       0x20 sys_arch.o
                0x080094a8                sys_arch_unprotect
 .text.__NVIC_GetPriorityGrouping
                0x080094c8       0x1c main.o
 .text.__NVIC_EnableIRQ
                0x080094e4       0x3c main.o
 .text.__NVIC_SetPriority
                0x08009520       0x54 main.o
 .text.NVIC_EncodePriority
                0x08009574       0x66 main.o
 .text.LL_ADC_SetGainCompensation
                0x080095da       0x4a main.o
 .text.LL_ADC_REG_SetSequencerRanks
                0x08009624       0x58 main.o
 .text.LL_ADC_SetChannelSamplingTime
                0x0800967c       0x56 main.o
 *fill*         0x080096d2        0x2 
 .text.LL_ADC_SetChannelSingleDiff
                0x080096d4       0x50 main.o
 .text.LL_ADC_SetOverSamplingScope
                0x08009724       0x2a main.o
 .text.LL_ADC_DisableDeepPowerDown
                0x0800974e       0x24 main.o
 .text.LL_ADC_EnableInternalRegulator
                0x08009772       0x28 main.o
 *fill*         0x0800979a        0x2 
 .text.LL_DMA_SetDataTransferDirection
                0x0800979c       0x50 main.o
 .text.LL_DMA_SetMode
                0x080097ec       0x4c main.o
 .text.LL_DMA_SetPeriphIncMode
                0x08009838       0x4c main.o
 .text.LL_DMA_SetMemoryIncMode
                0x08009884       0x4c main.o
 .text.LL_DMA_SetPeriphSize
                0x080098d0       0x4c main.o
 .text.LL_DMA_SetMemorySize
                0x0800991c       0x4c main.o
 .text.LL_DMA_SetChannelPriorityLevel
                0x08009968       0x4c main.o
 .text.LL_DMA_SetPeriphRequest
                0x080099b4       0x54 main.o
 .text.LL_LPUART_Enable
                0x08009a08       0x20 main.o
 .text.LL_LPUART_DisableFIFO
                0x08009a28       0x20 main.o
 .text.LL_LPUART_SetTXFIFOThreshold
                0x08009a48       0x4e main.o
 .text.LL_LPUART_SetRXFIFOThreshold
                0x08009a96       0x4e main.o
 .text.LL_LPUART_IsActiveFlag_TEACK
                0x08009ae4       0x28 main.o
 .text.LL_LPUART_IsActiveFlag_REACK
                0x08009b0c       0x28 main.o
 .text.LL_RCC_HSI_Enable
                0x08009b34       0x20 main.o
 .text.LL_RCC_HSI_IsReady
                0x08009b54       0x28 main.o
 .text.LL_RCC_HSI_SetCalibTrimming
                0x08009b7c       0x2c main.o
 .text.LL_RCC_SetSysClkSource
                0x08009ba8       0x28 main.o
 .text.LL_RCC_GetSysClkSource
                0x08009bd0       0x1c main.o
 .text.LL_RCC_SetAHBPrescaler
                0x08009bec       0x28 main.o
 .text.LL_RCC_SetAPB1Prescaler
                0x08009c14       0x28 main.o
 .text.LL_RCC_SetAPB2Prescaler
                0x08009c3c       0x28 main.o
 .text.LL_RCC_SetLPUARTClockSource
                0x08009c64       0x2c main.o
 .text.LL_RCC_SetADCClockSource
                0x08009c90       0x48 main.o
 .text.LL_RCC_PLL_Enable
                0x08009cd8       0x20 main.o
 .text.LL_RCC_PLL_IsReady
                0x08009cf8       0x28 main.o
 .text.LL_RCC_PLL_ConfigDomain_SYS
                0x08009d20       0x40 main.o
 .text.LL_RCC_PLL_EnableDomain_SYS
                0x08009d60       0x20 main.o
 .text.LL_AHB1_GRP1_EnableClock
                0x08009d80       0x30 main.o
 .text.LL_AHB2_GRP1_EnableClock
                0x08009db0       0x30 main.o
 .text.LL_APB1_GRP2_EnableClock
                0x08009de0       0x30 main.o
 .text.LL_SYSCFG_SetEXTISource
                0x08009e10       0x70 main.o
 .text.LL_FLASH_SetLatency
                0x08009e80       0x28 main.o
 .text.LL_FLASH_GetLatency
                0x08009ea8       0x1c main.o
 .text.LL_PWR_EnableRange1BoostMode
                0x08009ec4       0x24 main.o
 .text.LL_GPIO_SetPinMode
                0x08009ee8       0x7a main.o
 .text.LL_GPIO_SetPinPull
                0x08009f62       0x7a main.o
 .text.LL_GPIO_ResetOutputPin
                0x08009fdc       0x1c main.o
 .text.SystemClock_Config
                0x08009ff8       0xc8 main.o
                0x08009ff8                SystemClock_Config
 .text.MX_ADC1_Init
                0x0800a0c0      0x15c main.o
                0x0800a0c0                MX_ADC1_Init
 .text.MX_LPUART1_UART_Init
                0x0800a21c      0x148 main.o
                0x0800a21c                MX_LPUART1_UART_Init
 .text.MX_DMA_Init
                0x0800a364       0x34 main.o
                0x0800a364                MX_DMA_Init
 .text.MX_GPIO_Init
                0x0800a398       0xd8 main.o
                0x0800a398                MX_GPIO_Init
 .text.HAL_TIM_PeriodElapsedCallback
                0x0800a470       0x1e main.o
                0x0800a470                HAL_TIM_PeriodElapsedCallback
 .text.Error_Handler
                0x0800a48e        0xa main.o
                0x0800a48e                Error_Handler
 .text.LL_EXTI_IsActiveFlag_0_31
                0x0800a498       0x2c stm32g4xx_it.o
 .text.LL_EXTI_ClearFlag_0_31
                0x0800a4c4       0x20 stm32g4xx_it.o
 .text.NMI_Handler
                0x0800a4e4        0x6 stm32g4xx_it.o
                0x0800a4e4                NMI_Handler
 .text.HardFault_Handler
                0x0800a4ea        0x6 stm32g4xx_it.o
                0x0800a4ea                HardFault_Handler
 .text.MemManage_Handler
                0x0800a4f0        0x6 stm32g4xx_it.o
                0x0800a4f0                MemManage_Handler
 .text.BusFault_Handler
                0x0800a4f6        0x6 stm32g4xx_it.o
                0x0800a4f6                BusFault_Handler
 .text.UsageFault_Handler
                0x0800a4fc        0x6 stm32g4xx_it.o
                0x0800a4fc                UsageFault_Handler
 .text.DebugMon_Handler
                0x0800a502        0xe stm32g4xx_it.o
                0x0800a502                DebugMon_Handler
 .text.TIM2_IRQHandler
                0x0800a510       0x14 stm32g4xx_it.o
                0x0800a510                TIM2_IRQHandler
 .text.EXTI15_10_IRQHandler
                0x0800a524       0x1e stm32g4xx_it.o
                0x0800a524                EXTI15_10_IRQHandler
 *fill*         0x0800a542        0x2 
 .text.HAL_MspInit
                0x0800a544       0x48 stm32g4xx_hal_msp.o
                0x0800a544                HAL_MspInit
 .text.HAL_InitTick
                0x0800a58c       0xdc stm32g4xx_hal_timebase_tim.o
                0x0800a58c                HAL_InitTick
 .text.LL_SetSystemCoreClock
                0x0800a668       0x20 stm32g4xx_ll_utils.o
                0x0800a668                LL_SetSystemCoreClock
 .text.LL_EXTI_EnableIT_0_31
                0x0800a688       0x24 stm32g4xx_ll_exti.o
 .text.LL_EXTI_EnableIT_32_63
                0x0800a6ac       0x24 stm32g4xx_ll_exti.o
 .text.LL_EXTI_DisableIT_0_31
                0x0800a6d0       0x28 stm32g4xx_ll_exti.o
 .text.LL_EXTI_DisableIT_32_63
                0x0800a6f8       0x28 stm32g4xx_ll_exti.o
 .text.LL_EXTI_EnableEvent_0_31
                0x0800a720       0x24 stm32g4xx_ll_exti.o
 .text.LL_EXTI_EnableEvent_32_63
                0x0800a744       0x24 stm32g4xx_ll_exti.o
 .text.LL_EXTI_DisableEvent_0_31
                0x0800a768       0x28 stm32g4xx_ll_exti.o
 .text.LL_EXTI_DisableEvent_32_63
                0x0800a790       0x28 stm32g4xx_ll_exti.o
 .text.LL_EXTI_EnableRisingTrig_0_31
                0x0800a7b8       0x24 stm32g4xx_ll_exti.o
 .text.LL_EXTI_EnableRisingTrig_32_63
                0x0800a7dc       0x24 stm32g4xx_ll_exti.o
 .text.LL_EXTI_DisableRisingTrig_0_31
                0x0800a800       0x28 stm32g4xx_ll_exti.o
 .text.LL_EXTI_DisableRisingTrig_32_63
                0x0800a828       0x28 stm32g4xx_ll_exti.o
 .text.LL_EXTI_EnableFallingTrig_0_31
                0x0800a850       0x24 stm32g4xx_ll_exti.o
 .text.LL_EXTI_EnableFallingTrig_32_63
                0x0800a874       0x24 stm32g4xx_ll_exti.o
 .text.LL_EXTI_DisableFallingTrig_0_31
                0x0800a898       0x28 stm32g4xx_ll_exti.o
 .text.LL_EXTI_DisableFallingTrig_32_63
                0x0800a8c0       0x28 stm32g4xx_ll_exti.o
 .text.LL_EXTI_Init
                0x0800a8e8      0x1ec stm32g4xx_ll_exti.o
                0x0800a8e8                LL_EXTI_Init
 .text.LL_GPIO_SetPinMode
                0x0800aad4       0x7a stm32g4xx_ll_gpio.o
 .text.LL_GPIO_SetPinOutputType
                0x0800ab4e       0x30 stm32g4xx_ll_gpio.o
 .text.LL_GPIO_SetPinSpeed
                0x0800ab7e       0x7a stm32g4xx_ll_gpio.o
 .text.LL_GPIO_SetPinPull
                0x0800abf8       0x7a stm32g4xx_ll_gpio.o
 .text.LL_GPIO_SetAFPin_0_7
                0x0800ac72       0x7a stm32g4xx_ll_gpio.o
 .text.LL_GPIO_SetAFPin_8_15
                0x0800acec       0x7e stm32g4xx_ll_gpio.o
 .text.LL_GPIO_Init
                0x0800ad6a       0xdc stm32g4xx_ll_gpio.o
                0x0800ad6a                LL_GPIO_Init
 .text.LL_ADC_REG_SetSequencerLength
                0x0800ae46       0x26 stm32g4xx_ll_adc.o
 .text.LL_ADC_IsEnabled
                0x0800ae6c       0x26 stm32g4xx_ll_adc.o
 *fill*         0x0800ae92        0x2 
 .text.LL_ADC_CommonInit
                0x0800ae94       0xc8 stm32g4xx_ll_adc.o
                0x0800ae94                LL_ADC_CommonInit
 .text.LL_ADC_Init
                0x0800af5c       0x4c stm32g4xx_ll_adc.o
                0x0800af5c                LL_ADC_Init
 .text.LL_ADC_REG_Init
                0x0800afa8       0x94 stm32g4xx_ll_adc.o
                0x0800afa8                LL_ADC_REG_Init
 .text.HAL_Init
                0x0800b03c       0x30 stm32g4xx_hal.o
                0x0800b03c                HAL_Init
 .text.HAL_IncTick
                0x0800b06c       0x24 stm32g4xx_hal.o
                0x0800b06c                HAL_IncTick
 .text.HAL_GetTick
                0x0800b090       0x18 stm32g4xx_hal.o
                0x0800b090                HAL_GetTick
 .text.HAL_RCC_GetHCLKFreq
                0x0800b0a8       0x18 stm32g4xx_hal_rcc.o
                0x0800b0a8                HAL_RCC_GetHCLKFreq
 .text.HAL_RCC_GetPCLK1Freq
                0x0800b0c0       0x2c stm32g4xx_hal_rcc.o
                0x0800b0c0                HAL_RCC_GetPCLK1Freq
 .text.HAL_RCC_GetClockConfig
                0x0800b0ec       0x64 stm32g4xx_hal_rcc.o
                0x0800b0ec                HAL_RCC_GetClockConfig
 .text.HAL_PWREx_DisableUCPDDeadBattery
                0x0800b150       0x20 stm32g4xx_hal_pwr_ex.o
                0x0800b150                HAL_PWREx_DisableUCPDDeadBattery
 .text.__NVIC_SetPriorityGrouping
                0x0800b170       0x48 stm32g4xx_hal_cortex.o
 .text.__NVIC_GetPriorityGrouping
                0x0800b1b8       0x1c stm32g4xx_hal_cortex.o
 .text.__NVIC_EnableIRQ
                0x0800b1d4       0x3c stm32g4xx_hal_cortex.o
 .text.__NVIC_SetPriority
                0x0800b210       0x54 stm32g4xx_hal_cortex.o
 .text.NVIC_EncodePriority
                0x0800b264       0x66 stm32g4xx_hal_cortex.o
 .text.HAL_NVIC_SetPriorityGrouping
                0x0800b2ca       0x16 stm32g4xx_hal_cortex.o
                0x0800b2ca                HAL_NVIC_SetPriorityGrouping
 .text.HAL_NVIC_SetPriority
                0x0800b2e0       0x34 stm32g4xx_hal_cortex.o
                0x0800b2e0                HAL_NVIC_SetPriority
 .text.HAL_NVIC_EnableIRQ
                0x0800b314       0x1c stm32g4xx_hal_cortex.o
                0x0800b314                HAL_NVIC_EnableIRQ
 .text.LL_LPUART_IsEnabled
                0x0800b330       0x26 stm32g4xx_ll_lpuart.o
 .text.LL_LPUART_SetPrescaler
                0x0800b356       0x28 stm32g4xx_ll_lpuart.o
 .text.LL_LPUART_SetStopBitsLength
                0x0800b37e       0x26 stm32g4xx_ll_lpuart.o
 .text.LL_LPUART_SetHWFlowCtrl
                0x0800b3a4       0x26 stm32g4xx_ll_lpuart.o
 *fill*         0x0800b3ca        0x2 
 .text.LL_LPUART_SetBaudRate
                0x0800b3cc       0x98 stm32g4xx_ll_lpuart.o
 .text.LL_LPUART_Init
                0x0800b464       0x98 stm32g4xx_ll_lpuart.o
                0x0800b464                LL_LPUART_Init
 .text.LL_RCC_HSI_IsReady
                0x0800b4fc       0x28 stm32g4xx_ll_rcc.o
 .text.LL_RCC_LSE_IsReady
                0x0800b524       0x28 stm32g4xx_ll_rcc.o
 .text.LL_RCC_GetSysClkSource
                0x0800b54c       0x1c stm32g4xx_ll_rcc.o
 .text.LL_RCC_GetAHBPrescaler
                0x0800b568       0x1c stm32g4xx_ll_rcc.o
 .text.LL_RCC_GetAPB1Prescaler
                0x0800b584       0x1c stm32g4xx_ll_rcc.o
 .text.LL_RCC_GetLPUARTClockSource
                0x0800b5a0       0x24 stm32g4xx_ll_rcc.o
 .text.LL_RCC_PLL_GetMainSource
                0x0800b5c4       0x1c stm32g4xx_ll_rcc.o
 .text.LL_RCC_PLL_GetN
                0x0800b5e0       0x1c stm32g4xx_ll_rcc.o
 .text.LL_RCC_PLL_GetR
                0x0800b5fc       0x1c stm32g4xx_ll_rcc.o
 .text.LL_RCC_PLL_GetDivider
                0x0800b618       0x1c stm32g4xx_ll_rcc.o
 .text.LL_RCC_GetLPUARTClockFreq
                0x0800b634       0x84 stm32g4xx_ll_rcc.o
                0x0800b634                LL_RCC_GetLPUARTClockFreq
 .text.RCC_GetSystemClockFreq
                0x0800b6b8       0x4c stm32g4xx_ll_rcc.o
 .text.RCC_GetHCLKClockFreq
                0x0800b704       0x30 stm32g4xx_ll_rcc.o
 .text.RCC_GetPCLK1ClockFreq
                0x0800b734       0x2c stm32g4xx_ll_rcc.o
 .text.RCC_PLL_GetFreqDomain_SYS
                0x0800b760       0x68 stm32g4xx_ll_rcc.o
 .text.HAL_TIM_Base_Init
                0x0800b7c8       0xae stm32g4xx_hal_tim.o
                0x0800b7c8                HAL_TIM_Base_Init
 .text.HAL_TIM_Base_MspInit
                0x0800b876       0x14 stm32g4xx_hal_tim.o
                0x0800b876                HAL_TIM_Base_MspInit
 *fill*         0x0800b88a        0x2 
 .text.HAL_TIM_Base_Start_IT
                0x0800b88c       0xf0 stm32g4xx_hal_tim.o
                0x0800b88c                HAL_TIM_Base_Start_IT
 .text.HAL_TIM_IRQHandler
                0x0800b97c      0x2fe stm32g4xx_hal_tim.o
                0x0800b97c                HAL_TIM_IRQHandler
 .text.HAL_TIM_OC_DelayElapsedCallback
                0x0800bc7a       0x14 stm32g4xx_hal_tim.o
                0x0800bc7a                HAL_TIM_OC_DelayElapsedCallback
 .text.HAL_TIM_IC_CaptureCallback
                0x0800bc8e       0x14 stm32g4xx_hal_tim.o
                0x0800bc8e                HAL_TIM_IC_CaptureCallback
 .text.HAL_TIM_PWM_PulseFinishedCallback
                0x0800bca2       0x14 stm32g4xx_hal_tim.o
                0x0800bca2                HAL_TIM_PWM_PulseFinishedCallback
 .text.HAL_TIM_TriggerCallback
                0x0800bcb6       0x14 stm32g4xx_hal_tim.o
                0x0800bcb6                HAL_TIM_TriggerCallback
 *fill*         0x0800bcca        0x2 
 .text.TIM_Base_SetConfig
                0x0800bccc      0x150 stm32g4xx_hal_tim.o
                0x0800bccc                TIM_Base_SetConfig
 .text.HAL_TIMEx_CommutCallback
                0x0800be1c       0x14 stm32g4xx_hal_tim_ex.o
                0x0800be1c                HAL_TIMEx_CommutCallback
 .text.HAL_TIMEx_BreakCallback
                0x0800be30       0x14 stm32g4xx_hal_tim_ex.o
                0x0800be30                HAL_TIMEx_BreakCallback
 .text.HAL_TIMEx_Break2Callback
                0x0800be44       0x14 stm32g4xx_hal_tim_ex.o
                0x0800be44                HAL_TIMEx_Break2Callback
 .text.HAL_TIMEx_EncoderIndexCallback
                0x0800be58       0x14 stm32g4xx_hal_tim_ex.o
                0x0800be58                HAL_TIMEx_EncoderIndexCallback
 .text.HAL_TIMEx_DirectionChangeCallback
                0x0800be6c       0x14 stm32g4xx_hal_tim_ex.o
                0x0800be6c                HAL_TIMEx_DirectionChangeCallback
 .text.HAL_TIMEx_IndexErrorCallback
                0x0800be80       0x14 stm32g4xx_hal_tim_ex.o
                0x0800be80                HAL_TIMEx_IndexErrorCallback
 .text.HAL_TIMEx_TransitionErrorCallback
                0x0800be94       0x14 stm32g4xx_hal_tim_ex.o
                0x0800be94                HAL_TIMEx_TransitionErrorCallback
 .text.SystemInit
                0x0800bea8       0x24 system_stm32g4xx.o
                0x0800bea8                SystemInit
 .text.Reset_Handler
                0x0800becc       0x50 startup_stm32g474retx.o
                0x0800becc                Reset_Handler
 .text.Default_Handler
                0x0800bf1c        0x2 startup_stm32g474retx.o
                0x0800bf1c                RTC_Alarm_IRQHandler
                0x0800bf1c                EXTI2_IRQHandler
                0x0800bf1c                TIM8_TRG_COM_IRQHandler
                0x0800bf1c                TIM8_CC_IRQHandler
                0x0800bf1c                HRTIM1_Master_IRQHandler
                0x0800bf1c                SPI4_IRQHandler
                0x0800bf1c                FDCAN3_IT0_IRQHandler
                0x0800bf1c                TIM1_CC_IRQHandler
                0x0800bf1c                HRTIM1_FLT_IRQHandler
                0x0800bf1c                HRTIM1_TIMF_IRQHandler
                0x0800bf1c                USB_HP_IRQHandler
                0x0800bf1c                CORDIC_IRQHandler
                0x0800bf1c                HRTIM1_TIMD_IRQHandler
                0x0800bf1c                DMA2_Channel8_IRQHandler
                0x0800bf1c                EXTI3_IRQHandler
                0x0800bf1c                I2C3_ER_IRQHandler
                0x0800bf1c                EXTI0_IRQHandler
                0x0800bf1c                I2C2_EV_IRQHandler
                0x0800bf1c                FPU_IRQHandler
                0x0800bf1c                FDCAN1_IT1_IRQHandler
                0x0800bf1c                TIM1_UP_TIM16_IRQHandler
                0x0800bf1c                HRTIM1_TIME_IRQHandler
                0x0800bf1c                SPI1_IRQHandler
                0x0800bf1c                TIM6_DAC_IRQHandler
                0x0800bf1c                HRTIM1_TIMC_IRQHandler
                0x0800bf1c                TIM8_UP_IRQHandler
                0x0800bf1c                DMA2_Channel2_IRQHandler
                0x0800bf1c                DMA1_Channel4_IRQHandler
                0x0800bf1c                TIM20_TRG_COM_IRQHandler
                0x0800bf1c                USART3_IRQHandler
                0x0800bf1c                DMA1_Channel7_IRQHandler
                0x0800bf1c                UART5_IRQHandler
                0x0800bf1c                ADC3_IRQHandler
                0x0800bf1c                TIM4_IRQHandler
                0x0800bf1c                DMA2_Channel1_IRQHandler
                0x0800bf1c                QUADSPI_IRQHandler
                0x0800bf1c                I2C1_EV_IRQHandler
                0x0800bf1c                DMA1_Channel6_IRQHandler
                0x0800bf1c                UART4_IRQHandler
                0x0800bf1c                DMA2_Channel4_IRQHandler
                0x0800bf1c                TIM3_IRQHandler
                0x0800bf1c                RCC_IRQHandler
                0x0800bf1c                TIM20_UP_IRQHandler
                0x0800bf1c                Default_Handler
                0x0800bf1c                DMA2_Channel7_IRQHandler
                0x0800bf1c                RTC_TAMP_LSECSS_IRQHandler
                0x0800bf1c                FMAC_IRQHandler
                0x0800bf1c                DMA1_Channel8_IRQHandler
                0x0800bf1c                HRTIM1_TIMA_IRQHandler
                0x0800bf1c                TIM7_DAC_IRQHandler
                0x0800bf1c                FDCAN3_IT1_IRQHandler
                0x0800bf1c                TIM5_IRQHandler
                0x0800bf1c                UCPD1_IRQHandler
                0x0800bf1c                I2C3_EV_IRQHandler
                0x0800bf1c                EXTI9_5_IRQHandler
                0x0800bf1c                RTC_WKUP_IRQHandler
                0x0800bf1c                PVD_PVM_IRQHandler
                0x0800bf1c                SPI2_IRQHandler
                0x0800bf1c                ADC5_IRQHandler
                0x0800bf1c                DMA2_Channel5_IRQHandler
                0x0800bf1c                CRS_IRQHandler
                0x0800bf1c                DMA1_Channel5_IRQHandler
                0x0800bf1c                USB_LP_IRQHandler
                0x0800bf1c                EXTI4_IRQHandler
                0x0800bf1c                RNG_IRQHandler
                0x0800bf1c                HRTIM1_TIMB_IRQHandler
                0x0800bf1c                TIM1_TRG_COM_TIM17_IRQHandler
                0x0800bf1c                FDCAN2_IT1_IRQHandler
                0x0800bf1c                DMA1_Channel3_IRQHandler
                0x0800bf1c                ADC4_IRQHandler
                0x0800bf1c                WWDG_IRQHandler
                0x0800bf1c                I2C4_EV_IRQHandler
                0x0800bf1c                FDCAN2_IT0_IRQHandler
                0x0800bf1c                DMA2_Channel6_IRQHandler
                0x0800bf1c                FDCAN1_IT0_IRQHandler
                0x0800bf1c                COMP7_IRQHandler
                0x0800bf1c                COMP1_2_3_IRQHandler
                0x0800bf1c                EXTI1_IRQHandler
                0x0800bf1c                USART2_IRQHandler
                0x0800bf1c                COMP4_5_6_IRQHandler
                0x0800bf1c                TIM20_BRK_IRQHandler
                0x0800bf1c                I2C2_ER_IRQHandler
                0x0800bf1c                DMA1_Channel2_IRQHandler
                0x0800bf1c                TIM8_BRK_IRQHandler
                0x0800bf1c                FLASH_IRQHandler
                0x0800bf1c                TIM20_CC_IRQHandler
                0x0800bf1c                USART1_IRQHandler
                0x0800bf1c                SPI3_IRQHandler
                0x0800bf1c                I2C1_ER_IRQHandler
                0x0800bf1c                FMC_IRQHandler
                0x0800bf1c                LPTIM1_IRQHandler
                0x0800bf1c                DMAMUX_OVR_IRQHandler
                0x0800bf1c                I2C4_ER_IRQHandler
                0x0800bf1c                USBWakeUp_IRQHandler
                0x0800bf1c                SAI1_IRQHandler
                0x0800bf1c                DMA2_Channel3_IRQHandler
                0x0800bf1c                TIM1_BRK_TIM15_IRQHandler
 *fill*         0x0800bf1e        0x2 
 .text.fmod     0x0800bf20       0x6c c:/programdata/matlab/supportpackages/r2024a/3p.instrset/gnuarm-armcortex.instrset/win/bin/../lib/gcc/arm-none-eabi/11.3.1/thumb/v7e-m+fp/hard\libm.a(libm_a-w_fmod.o)
                0x0800bf20                fmod
 .text.__ieee754_fmod
                0x0800bf8c      0x27c c:/programdata/matlab/supportpackages/r2024a/3p.instrset/gnuarm-armcortex.instrset/win/bin/../lib/gcc/arm-none-eabi/11.3.1/thumb/v7e-m+fp/hard\libm.a(libm_a-e_fmod.o)
                0x0800bf8c                __ieee754_fmod
 .text.__udivmoddi4
                0x0800c208      0x2c8 c:/programdata/matlab/supportpackages/r2024a/3p.instrset/gnuarm-armcortex.instrset/win/bin/../lib/gcc/arm-none-eabi/11.3.1/thumb/v7e-m+fp/hard\libgcc.a(_udivmoddi4.o)
                0x0800c208                __udivmoddi4
 .text.memset   0x0800c4d0       0x10 c:/programdata/matlab/supportpackages/r2024a/3p.instrset/gnuarm-armcortex.instrset/win/bin/../lib/gcc/arm-none-eabi/11.3.1/thumb/v7e-m+fp/hard\libg_nano.a(libc_a-memset.o)
                0x0800c4d0                memset
 .text.__errno  0x0800c4e0        0xc c:/programdata/matlab/supportpackages/r2024a/3p.instrset/gnuarm-armcortex.instrset/win/bin/../lib/gcc/arm-none-eabi/11.3.1/thumb/v7e-m+fp/hard\libg_nano.a(libc_a-errno.o)
                0x0800c4e0                __errno
 .text.__libc_init_array
                0x0800c4ec       0x48 c:/programdata/matlab/supportpackages/r2024a/3p.instrset/gnuarm-armcortex.instrset/win/bin/../lib/gcc/arm-none-eabi/11.3.1/thumb/v7e-m+fp/hard\libg_nano.a(libc_a-init.o)
                0x0800c4ec                __libc_init_array
 .text.memcpy   0x0800c534       0x1c c:/programdata/matlab/supportpackages/r2024a/3p.instrset/gnuarm-armcortex.instrset/win/bin/../lib/gcc/arm-none-eabi/11.3.1/thumb/v7e-m+fp/hard\libg_nano.a(libc_a-memcpy-stub.o)
                0x0800c534                memcpy
 *(.glue_7)
 .glue_7        0x0800c550        0x0 linker stubs
 *(.glue_7t)
 .glue_7t       0x0800c550        0x0 linker stubs
 *(.eh_frame)
 .eh_frame      0x0800c550        0x0 c:/programdata/matlab/supportpackages/r2024a/3p.instrset/gnuarm-armcortex.instrset/win/bin/../lib/gcc/arm-none-eabi/11.3.1/thumb/v7e-m+fp/hard/crtbegin.o
 *(.init)
 .init          0x0800c550        0x4 c:/programdata/matlab/supportpackages/r2024a/3p.instrset/gnuarm-armcortex.instrset/win/bin/../lib/gcc/arm-none-eabi/11.3.1/thumb/v7e-m+fp/hard/crti.o
                0x0800c550                _init
 .init          0x0800c554        0x8 c:/programdata/matlab/supportpackages/r2024a/3p.instrset/gnuarm-armcortex.instrset/win/bin/../lib/gcc/arm-none-eabi/11.3.1/thumb/v7e-m+fp/hard/crtn.o
 *(.fini)
 .fini          0x0800c55c        0x4 c:/programdata/matlab/supportpackages/r2024a/3p.instrset/gnuarm-armcortex.instrset/win/bin/../lib/gcc/arm-none-eabi/11.3.1/thumb/v7e-m+fp/hard/crti.o
                0x0800c55c                _fini
 .fini          0x0800c560        0x8 c:/programdata/matlab/supportpackages/r2024a/3p.instrset/gnuarm-armcortex.instrset/win/bin/../lib/gcc/arm-none-eabi/11.3.1/thumb/v7e-m+fp/hard/crtn.o
                0x0800c568                . = ALIGN (0x4)
                0x0800c568                _etext = .

.vfp11_veneer   0x0800c568        0x0
 .vfp11_veneer  0x0800c568        0x0 linker stubs

.v4_bx          0x0800c568        0x0
 .v4_bx         0x0800c568        0x0 linker stubs

.iplt           0x0800c568        0x0
 .iplt          0x0800c568        0x0 c:/programdata/matlab/supportpackages/r2024a/3p.instrset/gnuarm-armcortex.instrset/win/bin/../lib/gcc/arm-none-eabi/11.3.1/thumb/v7e-m+fp/hard/crtbegin.o

.rodata         0x0800c568     0x29f0
                0x0800c568                . = ALIGN (0x4)
 *(.rodata)
 .rodata        0x0800c568      0x2b9 xcp_ext_mode.o
 *fill*         0x0800c821        0x3 
 .rodata        0x0800c824      0x12e xcp_ext_common.o
 *fill*         0x0800c952        0x2 
 .rodata        0x0800c954       0x4c xcp_ext_classic_trigger.o
 .rodata        0x0800c9a0      0x278 xcp.o
 .rodata        0x0800cc18      0x3a9 xcp_standard.o
 *fill*         0x0800cfc1        0x3 
 .rodata        0x0800cfc4     0x1010 xcp_daq.o
 .rodata        0x0800dfd4       0xdd xcp_calibration.o
 *fill*         0x0800e0b1        0x3 
 .rodata        0x0800e0b4      0x56e xcp_transport.o
 *fill*         0x0800e622        0x2 
 .rodata        0x0800e624       0xf5 xcp_mem_default.o
 *fill*         0x0800e719        0x3 
 .rodata        0x0800e71c      0x228 xcp_drv_rtiostream.o
 .rodata        0x0800e944      0x4aa xcp_frame_serial.o
 *(.rodata*)
 *fill*         0x0800edee        0x2 
 .rodata.untitled_M
                0x0800edf0        0x4 untitled.o
                0x0800edf0                untitled_M
 .rodata.rtAlwaysEnabled.0
                0x0800edf4        0x1 untitled.o
 *fill*         0x0800edf5        0x3 
 .rodata.standardSupportedRxPacket
                0x0800edf8       0x54 xcp_standard.o
 .rodata.daqSupportedRxPacket
                0x0800ee4c       0x9c xcp_daq.o
 .rodata.calibrationSupportedRxPacket
                0x0800eee8       0x18 xcp_calibration.o
 .rodata.CHANNEL_OFFSET_TAB
                0x0800ef00        0x8 stm_usart.o
 .rodata.CHANNEL_OFFSET_TAB
                0x0800ef08        0x8 stm_lpuart.o
 .rodata.CHANNEL_OFFSET_TAB
                0x0800ef10        0x8 main.o
 .rodata.LPUART_PRESCALER_TAB
                0x0800ef18       0x18 stm32g4xx_ll_lpuart.o
 .rodata.AHBPrescTable
                0x0800ef30       0x10 system_stm32g4xx.o
                0x0800ef30                AHBPrescTable
 .rodata.APBPrescTable
                0x0800ef40        0x8 system_stm32g4xx.o
                0x0800ef40                APBPrescTable
 .rodata.Zero   0x0800ef48       0x10 c:/programdata/matlab/supportpackages/r2024a/3p.instrset/gnuarm-armcortex.instrset/win/bin/../lib/gcc/arm-none-eabi/11.3.1/thumb/v7e-m+fp/hard\libm.a(libm_a-e_fmod.o)
                0x0800ef58                . = ALIGN (0x4)

.ARM.extab      0x0800ef58        0x0
                0x0800ef58                . = ALIGN (0x4)
 *(.ARM.extab* .gnu.linkonce.armextab.*)
                0x0800ef58                . = ALIGN (0x4)

.ARM            0x0800ef58        0x8
                0x0800ef58                . = ALIGN (0x4)
                0x0800ef58                __exidx_start = .
 *(.ARM.exidx*)
 .ARM.exidx.text.__udivmoddi4
                0x0800ef58        0x8 c:/programdata/matlab/supportpackages/r2024a/3p.instrset/gnuarm-armcortex.instrset/win/bin/../lib/gcc/arm-none-eabi/11.3.1/thumb/v7e-m+fp/hard\libgcc.a(_udivmoddi4.o)
                0x0800ef60                __exidx_end = .
                0x0800ef60                . = ALIGN (0x4)

.rel.dyn        0x0800ef60        0x0
 .rel.iplt      0x0800ef60        0x0 c:/programdata/matlab/supportpackages/r2024a/3p.instrset/gnuarm-armcortex.instrset/win/bin/../lib/gcc/arm-none-eabi/11.3.1/thumb/v7e-m+fp/hard/crtbegin.o

.preinit_array  0x0800ef60        0x0
                0x0800ef60                . = ALIGN (0x4)
                0x0800ef60                PROVIDE (__preinit_array_start = .)
 *(.preinit_array*)
                0x0800ef60                PROVIDE (__preinit_array_end = .)
                0x0800ef60                . = ALIGN (0x4)

.init_array     0x0800ef60        0x4
                0x0800ef60                . = ALIGN (0x4)
                0x0800ef60                PROVIDE (__init_array_start = .)
 *(SORT_BY_NAME(.init_array.*))
 *(.init_array*)
 .init_array    0x0800ef60        0x4 c:/programdata/matlab/supportpackages/r2024a/3p.instrset/gnuarm-armcortex.instrset/win/bin/../lib/gcc/arm-none-eabi/11.3.1/thumb/v7e-m+fp/hard/crtbegin.o
                0x0800ef64                PROVIDE (__init_array_end = .)
                0x0800ef64                . = ALIGN (0x4)

.fini_array     0x0800ef64        0x4
                0x0800ef64                . = ALIGN (0x4)
                [!provide]                PROVIDE (__fini_array_start = .)
 *(SORT_BY_NAME(.fini_array.*))
 *(.fini_array*)
 .fini_array    0x0800ef64        0x4 c:/programdata/matlab/supportpackages/r2024a/3p.instrset/gnuarm-armcortex.instrset/win/bin/../lib/gcc/arm-none-eabi/11.3.1/thumb/v7e-m+fp/hard/crtbegin.o
                [!provide]                PROVIDE (__fini_array_end = .)
                0x0800ef68                . = ALIGN (0x4)
                0x0800ef68                _sidata = LOADADDR (.data)

.data           0x20000000       0xe4 load address 0x0800ef68
                0x20000000                . = ALIGN (0x4)
                0x20000000                _sdata = .
 *(.data)
 *(.data*)
 .data.xcpExtmodeFinalSimulationTime
                0x20000000        0x8 xcp_ext_common.o
                0x20000000                xcpExtmodeFinalSimulationTime
 .data.xcpClassicTriggerDuration
                0x20000008        0x4 xcp_ext_classic_trigger.o
                0x20000008                xcpClassicTriggerDuration
 .data.xcpClassicTriggerArmRequest
                0x2000000c        0x1 xcp_ext_classic_trigger.o
                0x2000000c                xcpClassicTriggerArmRequest
 *fill*         0x2000000d        0x3 
 .data.startStopDaqListId
                0x20000010        0x4 xcp_daq.o
 .data.xcpCurrentDaq
                0x20000014        0x4 xcp_daq.o
 .data.xcpEventCustomMemoryManager
                0x20000018        0xc xcp_daq.o
 .data.xcpCtoReservedMemPoolId
                0x20000024        0x4 xcp_transport.o
 .data.xcpMemMainBlockSizes
                0x20000028        0xc xcp_mem_default.o
 .data.xcpMemMainBlocksNumber
                0x20000034        0xc xcp_mem_default.o
 .data.drvID    0x20000040        0x4 xcp_drv_rtiostream.o
 .data.xcpCtoReservedMemPoolId
                0x20000044        0x4 xcp_frame_serial.o
 .data.uartObj  0x20000048       0x40 rtiostream_serial.o
                0x20000048                uartObj
 .data.uwTickPrio
                0x20000088        0x4 stm32g4xx_hal.o
                0x20000088                uwTickPrio
 .data.uwTickFreq
                0x2000008c        0x4 stm32g4xx_hal.o
                0x2000008c                uwTickFreq
 .data.SystemCoreClock
                0x20000090        0x4 system_stm32g4xx.o
                0x20000090                SystemCoreClock
 .data._impure_data
                0x20000094       0x4c c:/programdata/matlab/supportpackages/r2024a/3p.instrset/gnuarm-armcortex.instrset/win/bin/../lib/gcc/arm-none-eabi/11.3.1/thumb/v7e-m+fp/hard\libg_nano.a(libc_a-impure.o)
                0x20000094                _impure_data
 .data._impure_ptr
                0x200000e0        0x4 c:/programdata/matlab/supportpackages/r2024a/3p.instrset/gnuarm-armcortex.instrset/win/bin/../lib/gcc/arm-none-eabi/11.3.1/thumb/v7e-m+fp/hard\libg_nano.a(libc_a-impure.o)
                0x200000e0                _impure_ptr
 *(.RamFunc)
 *(.RamFunc*)
                0x200000e4                . = ALIGN (0x4)
                0x200000e4                _edata = .

.tm_clone_table
                0x200000e4        0x0 load address 0x0800f04c
 .tm_clone_table
                0x200000e4        0x0 c:/programdata/matlab/supportpackages/r2024a/3p.instrset/gnuarm-armcortex.instrset/win/bin/../lib/gcc/arm-none-eabi/11.3.1/thumb/v7e-m+fp/hard/crtbegin.o
 .tm_clone_table
                0x200000e4        0x0 c:/programdata/matlab/supportpackages/r2024a/3p.instrset/gnuarm-armcortex.instrset/win/bin/../lib/gcc/arm-none-eabi/11.3.1/thumb/v7e-m+fp/hard/crtend.o

.igot.plt       0x200000e4        0x0 load address 0x0800f04c
 .igot.plt      0x200000e4        0x0 c:/programdata/matlab/supportpackages/r2024a/3p.instrset/gnuarm-armcortex.instrset/win/bin/../lib/gcc/arm-none-eabi/11.3.1/thumb/v7e-m+fp/hard/crtbegin.o
                0x200000e4                . = ALIGN (0x4)

.bss            0x200000e8      0xfd0 load address 0x0800f04c
                0x200000e8                _sbss = .
                0x200000e8                __bss_start__ = _sbss
 *(.bss)
 *(.bss*)
 .bss.completed.1
                0x200000e8        0x1 c:/programdata/matlab/supportpackages/r2024a/3p.instrset/gnuarm-armcortex.instrset/win/bin/../lib/gcc/arm-none-eabi/11.3.1/thumb/v7e-m+fp/hard/crtbegin.o
 *fill*         0x200000e9        0x3 
 .bss.object.0  0x200000ec       0x18 c:/programdata/matlab/supportpackages/r2024a/3p.instrset/gnuarm-armcortex.instrset/win/bin/../lib/gcc/arm-none-eabi/11.3.1/thumb/v7e-m+fp/hard/crtbegin.o
 .bss.mw_adc1   0x20000104       0x1c stm_adc_ll.o
                0x20000104                mw_adc1
 .bss.xcpCustomTriggerFunction
                0x20000120        0x8 xcp_ext_mode.o
 .bss.IsrOverrun
                0x20000128        0x4 ert_main.o
                0x20000128                IsrOverrun
 .bss.OverrunFlag
                0x2000012c        0x1 ert_main.o
 .bss.stopRequested
                0x2000012d        0x1 ert_main.o
                0x2000012d                stopRequested
 .bss.runModel  0x2000012e        0x1 ert_main.o
                0x2000012e                runModel
 *fill*         0x2000012f        0x1 
 .bss.untitled_B
                0x20000130        0x2 untitled.o
                0x20000130                untitled_B
 *fill*         0x20000132        0x2 
 .bss.untitled_DW
                0x20000134       0x10 untitled.o
                0x20000134                untitled_DW
 *fill*         0x20000144        0x4 
 .bss.untitled_M_
                0x20000148       0x48 untitled.o
 .bss.rt_ExtModeInfo.2
                0x20000190       0x14 untitled.o
 .bss.systemRan.1
                0x200001a4        0x8 untitled.o
 .bss.xcpModelStartRequest
                0x200001ac        0x1 xcp_ext_common.o
                0x200001ac                xcpModelStartRequest
 .bss.xcpModelStopRequest
                0x200001ad        0x1 xcp_ext_common.o
                0x200001ad                xcpModelStopRequest
 .bss.xcpModelStatus
                0x200001ae        0x1 xcp_ext_common.o
                0x200001ae                xcpModelStatus
 *fill*         0x200001af        0x1 
 .bss.xcpModelChecksum0
                0x200001b0        0x4 xcp_ext_common.o
                0x200001b0                xcpModelChecksum0
 .bss.xcpModelChecksum1
                0x200001b4        0x4 xcp_ext_common.o
                0x200001b4                xcpModelChecksum1
 .bss.xcpModelChecksum2
                0x200001b8        0x4 xcp_ext_common.o
                0x200001b8                xcpModelChecksum2
 .bss.xcpModelChecksum3
                0x200001bc        0x4 xcp_ext_common.o
                0x200001bc                xcpModelChecksum3
 .bss.xcpModelIntegerCode
                0x200001c0        0x4 xcp_ext_common.o
                0x200001c0                xcpModelIntegerCode
 .bss.xcpExtmodeSimulationComplete
                0x200001c4        0x1 xcp_ext_common.o
                0x200001c4                xcpExtmodeSimulationComplete
 *fill*         0x200001c5        0x3 
 .bss.xcpDummyDoubleVariable
                0x200001c8        0x8 xcp_ext_common.o
                0x200001c8                xcpDummyDoubleVariable
 .bss.xcpCurrentSimulationTimeInMs
                0x200001d0        0x8 xcp_ext_common.o
                0x200001d0                xcpCurrentSimulationTimeInMs
 .bss.xcpBaseRateSimulationTime
                0x200001d8        0x8 xcp_ext_common.o
 .bss.xcpClassicTriggerEventId
                0x200001e0        0x2 xcp_ext_classic_trigger.o
                0x200001e0                xcpClassicTriggerEventId
 *fill*         0x200001e2        0x2 
 .bss.xcpClassicTriggerSignalAddress
                0x200001e4        0x4 xcp_ext_classic_trigger.o
                0x200001e4                xcpClassicTriggerSignalAddress
 .bss.xcpClassicTriggerSignalAddressExtension
                0x200001e8        0x1 xcp_ext_classic_trigger.o
                0x200001e8                xcpClassicTriggerSignalAddressExtension
 *fill*         0x200001e9        0x7 
 .bss.xcpClassicTriggerLevel
                0x200001f0        0x8 xcp_ext_classic_trigger.o
                0x200001f0                xcpClassicTriggerLevel
 .bss.xcpClassicTriggerHoldOff
                0x200001f8        0x4 xcp_ext_classic_trigger.o
                0x200001f8                xcpClassicTriggerHoldOff
 .bss.xcpClassicTriggerDelay
                0x200001fc        0x4 xcp_ext_classic_trigger.o
                0x200001fc                xcpClassicTriggerDelay
 .bss.xcpClassicTriggerDirection
                0x20000200        0x1 xcp_ext_classic_trigger.o
                0x20000200                xcpClassicTriggerDirection
 .bss.xcpClassicTriggerCancelRequest
                0x20000201        0x1 xcp_ext_classic_trigger.o
                0x20000201                xcpClassicTriggerCancelRequest
 .bss.xcpClassicTriggerSource
                0x20000202        0x1 xcp_ext_classic_trigger.o
                0x20000202                xcpClassicTriggerSource
 .bss.xcpClassicTriggerMode
                0x20000203        0x1 xcp_ext_classic_trigger.o
                0x20000203                xcpClassicTriggerMode
 .bss.xcpClassicTriggerStatus
                0x20000204        0x1 xcp_ext_classic_trigger.o
                0x20000204                xcpClassicTriggerStatus
 *fill*         0x20000205        0x3 
 .bss.xcpOldSignalValue
                0x20000208        0x8 xcp_ext_classic_trigger.o
 .bss.xcpOldSignalValueAvailable
                0x20000210        0x1 xcp_ext_classic_trigger.o
 .bss.xcpOldClassicTriggerSource
                0x20000211        0x1 xcp_ext_classic_trigger.o
 .bss.xcpTriggerEnabled
                0x20000212        0x1 xcp_ext_classic_trigger.o
 .bss.xcpSignalTriggerFired
                0x20000213        0x1 xcp_ext_classic_trigger.o
 .bss.xcpTriggerCount
                0x20000214        0x4 xcp_ext_classic_trigger.o
 .bss.xcpForcedTriggerEnabled
                0x20000218        0x1 xcp_ext_classic_trigger.o
 .bss.xcpForceTriggerEnableRequest
                0x20000219        0x1 xcp_ext_classic_trigger.o
 .bss.initialized
                0x2000021a        0x1 xcp.o
 .bss.xcpStatus
                0x2000021b        0x1 xcp.o
 .bss.xcpSessionStatus
                0x2000021c        0x1 xcp.o
 .bss.xcpResourceProtectionStatus
                0x2000021d        0x1 xcp.o
 .bss.xcpSessionConfigurationId
                0x2000021e        0x2 xcp.o
 .bss.groupPacketLookup
                0x20000220       0x10 xcp.o
 .bss.xcpMta    0x20000230        0x8 xcp_standard.o
 .bss.xcpUploadSize
                0x20000238        0x1 xcp_standard.o
 *fill*         0x20000239        0x3 
 .bss.packetLookup
                0x2000023c        0x4 xcp_standard.o
 .bss.xcpDynamicDaqLists
                0x20000240        0x8 xcp_daq.o
 .bss.xcpRunningEventCounter
                0x20000248        0x4 xcp_daq.o
 .bss.daqLock   0x2000024c        0x4 xcp_daq.o
 .bss.packetLookup
                0x20000250        0x4 xcp_daq.o
 .bss.packetLookup
                0x20000254        0x4 xcp_calibration.o
 .bss.txFifo    0x20000258       0x10 xcp_transport.o
 .bss.txLock    0x20000268        0x4 xcp_transport.o
 .bss.rxFifo    0x2000026c        0x8 xcp_transport.o
 .bss.rxLock    0x20000274        0x4 xcp_transport.o
 .bss.initialized
                0x20000278        0x1 xcp_transport.o
 *fill*         0x20000279        0x3 
 .bss.xcpMemPoolDescriptors
                0x2000027c       0xc0 xcp_mem_default.o
 .bss.xcpMemCustomPoolDescriptors
                0x2000033c        0x8 xcp_mem_default.o
 .bss.xcpMemMainChunk
                0x20000344      0x3a7 xcp_mem_default.o
 *fill*         0x200006eb        0x1 
 .bss.xcpMemReservedPoolsChunk
                0x200006ec      0x3cd xcp_mem_default.o
 *fill*         0x20000ab9        0x3 
 .bss.xcpMemReservedPoolsChunkUsedBytes
                0x20000abc        0x4 xcp_mem_default.o
 .bss.xcpMemLock
                0x20000ac0        0x4 xcp_mem_default.o
 .bss.forceBlocking
                0x20000ac4        0x1 xcp_drv_rtiostream.o
 *fill*         0x20000ac5        0x1 
 .bss.txCounter
                0x20000ac6        0x2 xcp_frame_serial.o
 .bss.rxCounter
                0x20000ac8        0x2 xcp_frame_serial.o
 *fill*         0x20000aca        0x2 
 .bss.firstRxCounterReceived
                0x20000acc        0x4 xcp_frame_serial.o
 .bss.initialized
                0x20000ad0        0x1 xcp_frame_serial.o
 *fill*         0x20000ad1        0x3 
 .bss.timestampInitialized
                0x20000ad4        0x4 platform_timer.o
 .bss.timestampStartTime
                0x20000ad8        0x4 platform_timer.o
 .bss.schdl_counter
                0x20000adc        0x4 SysTickScheduler.o
                0x20000adc                schdl_counter
 .bss.schdl_counter_max
                0x20000ae0        0x4 SysTickScheduler.o
                0x20000ae0                schdl_counter_max
 .bss.taskToSchedule
                0x20000ae4        0x4 m3m4m4f_multitasking.o
                0x20000ae4                taskToSchedule
 .bss.mw_ext_h  0x20000ae8        0x4 rtiostream_serial.o
                0x20000ae8                mw_ext_h
 .bss.UARTRxBuffer
                0x20000aec        0x4 rtiostream_serial.o
                0x20000aec                UARTRxBuffer
 .bss.mw_lpuart1
                0x20000af0       0x40 stm_lpuart.o
                0x20000af0                mw_lpuart1
 .bss.LPUART1ReceiveBuffer
                0x20000b30      0x400 stm_lpuart.o
                0x20000b30                LPUART1ReceiveBuffer
 .bss.htim2     0x20000f30       0x4c stm32g4xx_hal_timebase_tim.o
                0x20000f30                htim2
 .bss.uwTick    0x20000f7c        0x4 stm32g4xx_hal.o
                0x20000f7c                uwTick
 .bss.__sf      0x20000f80      0x138 c:/programdata/matlab/supportpackages/r2024a/3p.instrset/gnuarm-armcortex.instrset/win/bin/../lib/gcc/arm-none-eabi/11.3.1/thumb/v7e-m+fp/hard\libg_nano.a(libc_a-findfp.o)
                0x20000f80                __sf
 *(COMMON)
                0x200010b8                . = ALIGN (0x4)
                0x200010b8                _ebss = .
                0x200010b8                __bss_end__ = _ebss

._user_heap_stack
                0x200010b8      0x600 load address 0x0800f04c
                0x200010b8                . = ALIGN (0x8)
                [!provide]                PROVIDE (end = .)
                0x200010b8                PROVIDE (_end = .)
                0x200012b8                . = (. + _Min_Heap_Size)
 *fill*         0x200010b8      0x200 
                0x200016b8                . = (. + _Min_Stack_Size)
 *fill*         0x200012b8      0x400 
                0x200016b8                . = ALIGN (0x8)

/DISCARD/
 libc.a(*)
 libm.a(*)
 libgcc.a(*)

.ARM.attributes
                0x00000000       0x30
 *(.ARM.attributes)
 .ARM.attributes
                0x00000000       0x1e c:/programdata/matlab/supportpackages/r2024a/3p.instrset/gnuarm-armcortex.instrset/win/bin/../lib/gcc/arm-none-eabi/11.3.1/thumb/v7e-m+fp/hard/crti.o
 .ARM.attributes
                0x0000001e       0x34 c:/programdata/matlab/supportpackages/r2024a/3p.instrset/gnuarm-armcortex.instrset/win/bin/../lib/gcc/arm-none-eabi/11.3.1/thumb/v7e-m+fp/hard/crtbegin.o
 .ARM.attributes
                0x00000052       0x34 stm_adc_ll.o
 .ARM.attributes
                0x00000086       0x34 xcp_ext_mode.o
 .ARM.attributes
                0x000000ba       0x34 ert_main.o
 .ARM.attributes
                0x000000ee       0x34 untitled.o
 .ARM.attributes
                0x00000122       0x34 xcp_ext_common.o
 .ARM.attributes
                0x00000156       0x34 xcp_ext_classic_trigger.o
 .ARM.attributes
                0x0000018a       0x34 xcp.o
 .ARM.attributes
                0x000001be       0x34 xcp_standard.o
 .ARM.attributes
                0x000001f2       0x34 xcp_daq.o
 .ARM.attributes
                0x00000226       0x34 xcp_calibration.o
 .ARM.attributes
                0x0000025a       0x34 xcp_fifo.o
 .ARM.attributes
                0x0000028e       0x34 xcp_transport.o
 .ARM.attributes
                0x000002c2       0x34 xcp_mem_default.o
 .ARM.attributes
                0x000002f6       0x34 xcp_drv_rtiostream.o
 .ARM.attributes
                0x0000032a       0x34 xcp_utils.o
 .ARM.attributes
                0x0000035e       0x34 xcp_frame_serial.o
 .ARM.attributes
                0x00000392       0x34 xcp_ext_param_default_serial.o
 .ARM.attributes
                0x000003c6       0x34 overrideHALDelay.o
 .ARM.attributes
                0x000003fa       0x34 platform_timer.o
 .ARM.attributes
                0x0000042e       0x34 SysTickScheduler.o
 .ARM.attributes
                0x00000462       0x34 m3m4m4f_multitasking.o
 .ARM.attributes
                0x00000496       0x34 rtiostream_serial.o
 .ARM.attributes
                0x000004ca       0x34 stm_usart.o
 .ARM.attributes
                0x000004fe       0x34 stm_lpuart.o
 .ARM.attributes
                0x00000532       0x34 sys_arch.o
 .ARM.attributes
                0x00000566       0x34 main.o
 .ARM.attributes
                0x0000059a       0x34 stm32g4xx_it.o
 .ARM.attributes
                0x000005ce       0x34 stm32g4xx_hal_msp.o
 .ARM.attributes
                0x00000602       0x34 stm32g4xx_hal_timebase_tim.o
 .ARM.attributes
                0x00000636       0x34 stm32g4xx_ll_utils.o
 .ARM.attributes
                0x0000066a       0x34 stm32g4xx_ll_exti.o
 .ARM.attributes
                0x0000069e       0x34 stm32g4xx_ll_gpio.o
 .ARM.attributes
                0x000006d2       0x34 stm32g4xx_ll_adc.o
 .ARM.attributes
                0x00000706       0x34 stm32g4xx_hal.o
 .ARM.attributes
                0x0000073a       0x34 stm32g4xx_hal_rcc.o
 .ARM.attributes
                0x0000076e       0x34 stm32g4xx_hal_pwr_ex.o
 .ARM.attributes
                0x000007a2       0x34 stm32g4xx_hal_cortex.o
 .ARM.attributes
                0x000007d6       0x34 stm32g4xx_ll_lpuart.o
 .ARM.attributes
                0x0000080a       0x34 stm32g4xx_ll_rcc.o
 .ARM.attributes
                0x0000083e       0x34 stm32g4xx_hal_tim.o
 .ARM.attributes
                0x00000872       0x34 stm32g4xx_hal_tim_ex.o
 .ARM.attributes
                0x000008a6       0x34 system_stm32g4xx.o
 .ARM.attributes
                0x000008da       0x21 startup_stm32g474retx.o
 .ARM.attributes
                0x000008fb       0x34 c:/programdata/matlab/supportpackages/r2024a/3p.instrset/gnuarm-armcortex.instrset/win/bin/../lib/gcc/arm-none-eabi/11.3.1/thumb/v7e-m+fp/hard\libm.a(libm_a-w_fmod.o)
 .ARM.attributes
                0x0000092f       0x34 c:/programdata/matlab/supportpackages/r2024a/3p.instrset/gnuarm-armcortex.instrset/win/bin/../lib/gcc/arm-none-eabi/11.3.1/thumb/v7e-m+fp/hard\libm.a(libm_a-e_fmod.o)
 .ARM.attributes
                0x00000963       0x1e c:/programdata/matlab/supportpackages/r2024a/3p.instrset/gnuarm-armcortex.instrset/win/bin/../lib/gcc/arm-none-eabi/11.3.1/thumb/v7e-m+fp/hard\libgcc.a(_arm_addsubdf3.o)
 .ARM.attributes
                0x00000981       0x1e c:/programdata/matlab/supportpackages/r2024a/3p.instrset/gnuarm-armcortex.instrset/win/bin/../lib/gcc/arm-none-eabi/11.3.1/thumb/v7e-m+fp/hard\libgcc.a(_arm_muldivdf3.o)
 .ARM.attributes
                0x0000099f       0x1e c:/programdata/matlab/supportpackages/r2024a/3p.instrset/gnuarm-armcortex.instrset/win/bin/../lib/gcc/arm-none-eabi/11.3.1/thumb/v7e-m+fp/hard\libgcc.a(_arm_cmpdf2.o)
 .ARM.attributes
                0x000009bd       0x1e c:/programdata/matlab/supportpackages/r2024a/3p.instrset/gnuarm-armcortex.instrset/win/bin/../lib/gcc/arm-none-eabi/11.3.1/thumb/v7e-m+fp/hard\libgcc.a(_arm_unorddf2.o)
 .ARM.attributes
                0x000009db       0x1e c:/programdata/matlab/supportpackages/r2024a/3p.instrset/gnuarm-armcortex.instrset/win/bin/../lib/gcc/arm-none-eabi/11.3.1/thumb/v7e-m+fp/hard\libgcc.a(_arm_fixunsdfsi.o)
 .ARM.attributes
                0x000009f9       0x1e c:/programdata/matlab/supportpackages/r2024a/3p.instrset/gnuarm-armcortex.instrset/win/bin/../lib/gcc/arm-none-eabi/11.3.1/thumb/v7e-m+fp/hard\libgcc.a(_aeabi_uldivmod.o)
 .ARM.attributes
                0x00000a17       0x34 c:/programdata/matlab/supportpackages/r2024a/3p.instrset/gnuarm-armcortex.instrset/win/bin/../lib/gcc/arm-none-eabi/11.3.1/thumb/v7e-m+fp/hard\libgcc.a(_udivmoddi4.o)
 .ARM.attributes
                0x00000a4b       0x1e c:/programdata/matlab/supportpackages/r2024a/3p.instrset/gnuarm-armcortex.instrset/win/bin/../lib/gcc/arm-none-eabi/11.3.1/thumb/v7e-m+fp/hard\libgcc.a(_dvmd_tls.o)
 .ARM.attributes
                0x00000a69       0x34 c:/programdata/matlab/supportpackages/r2024a/3p.instrset/gnuarm-armcortex.instrset/win/bin/../lib/gcc/arm-none-eabi/11.3.1/thumb/v7e-m+fp/hard\libg_nano.a(libc_a-findfp.o)
 .ARM.attributes
                0x00000a9d       0x34 c:/programdata/matlab/supportpackages/r2024a/3p.instrset/gnuarm-armcortex.instrset/win/bin/../lib/gcc/arm-none-eabi/11.3.1/thumb/v7e-m+fp/hard\libg_nano.a(libc_a-memset.o)
 .ARM.attributes
                0x00000ad1       0x34 c:/programdata/matlab/supportpackages/r2024a/3p.instrset/gnuarm-armcortex.instrset/win/bin/../lib/gcc/arm-none-eabi/11.3.1/thumb/v7e-m+fp/hard\libg_nano.a(libc_a-impure.o)
 .ARM.attributes
                0x00000b05       0x34 c:/programdata/matlab/supportpackages/r2024a/3p.instrset/gnuarm-armcortex.instrset/win/bin/../lib/gcc/arm-none-eabi/11.3.1/thumb/v7e-m+fp/hard\libg_nano.a(libc_a-errno.o)
 .ARM.attributes
                0x00000b39       0x34 c:/programdata/matlab/supportpackages/r2024a/3p.instrset/gnuarm-armcortex.instrset/win/bin/../lib/gcc/arm-none-eabi/11.3.1/thumb/v7e-m+fp/hard\libg_nano.a(libc_a-init.o)
 .ARM.attributes